
AVRASM ver. 2.1.30  E:\Micro\HW3 AVR\Debug\List\hw3.asm Sun Dec 29 16:24:13 2019

E:\Micro\HW3 AVR\Debug\List\hw3.asm(1088): warning: Register r4 already defined by the .DEF directive
E:\Micro\HW3 AVR\Debug\List\hw3.asm(1089): warning: Register r5 already defined by the .DEF directive
E:\Micro\HW3 AVR\Debug\List\hw3.asm(1090): warning: Register r7 already defined by the .DEF directive
E:\Micro\HW3 AVR\Debug\List\hw3.asm(1091): warning: Register r6 already defined by the .DEF directive
E:\Micro\HW3 AVR\Debug\List\hw3.asm(1092): warning: Register r9 already defined by the .DEF directive
                 
                 
                 ;CodeVisionAVR C Compiler V3.12 Advanced
                 ;(C) Copyright 1998-2014 Pavel Haiduc, HP InfoTech s.r.l.
                 ;http://www.hpinfotech.com
                 
                 ;Build configuration    : Debug
                 ;Chip type              : ATmega32
                 ;Program type           : Application
                 ;Clock frequency        : 8.000000 MHz
                 ;Memory model           : Small
                 ;Optimize for           : Size
                 ;(s)printf features     : int, width
                 ;(s)scanf features      : int, width
                 ;External RAM size      : 0
                 ;Data Stack size        : 512 byte(s)
                 ;Heap size              : 0 byte(s)
                 ;Promote 'char' to 'int': Yes
                 ;'char' is unsigned     : Yes
                 ;8 bit enums            : Yes
                 ;Global 'const' stored in FLASH: Yes
                 ;Enhanced function parameter passing: Yes
                 ;Enhanced core instructions: On
                 ;Automatic register allocation for global variables: On
                 ;Smart register allocation: On
                 
                 	#define _MODEL_SMALL_
                 
                 	#pragma AVRPART ADMIN PART_NAME ATmega32
                 	#pragma AVRPART MEMORY PROG_FLASH 32768
                 	#pragma AVRPART MEMORY EEPROM 1024
                 	#pragma AVRPART MEMORY INT_SRAM SIZE 2048
                 	#pragma AVRPART MEMORY INT_SRAM START_ADDR 0x60
                 
                 	#define CALL_SUPPORTED 1
                 
                 	.LISTMAC
                 	.EQU UDRE=0x5
                 	.EQU RXC=0x7
                 	.EQU USR=0xB
                 	.EQU UDR=0xC
                 	.EQU SPSR=0xE
                 	.EQU SPDR=0xF
                 	.EQU EERE=0x0
                 	.EQU EEWE=0x1
                 	.EQU EEMWE=0x2
                 	.EQU EECR=0x1C
                 	.EQU EEDR=0x1D
                 	.EQU EEARL=0x1E
                 	.EQU EEARH=0x1F
                 	.EQU WDTCR=0x21
                 	.EQU MCUCR=0x35
                 	.EQU GICR=0x3B
                 	.EQU SPL=0x3D
                 	.EQU SPH=0x3E
                 	.EQU SREG=0x3F
                 
                 	.DEF R0X0=R0
                 	.DEF R0X1=R1
                 	.DEF R0X2=R2
                 	.DEF R0X3=R3
                 	.DEF R0X4=R4
                 	.DEF R0X5=R5
                 	.DEF R0X6=R6
                 	.DEF R0X7=R7
                 	.DEF R0X8=R8
                 	.DEF R0X9=R9
                 	.DEF R0XA=R10
                 	.DEF R0XB=R11
                 	.DEF R0XC=R12
                 	.DEF R0XD=R13
                 	.DEF R0XE=R14
                 	.DEF R0XF=R15
                 	.DEF R0X10=R16
                 	.DEF R0X11=R17
                 	.DEF R0X12=R18
                 	.DEF R0X13=R19
                 	.DEF R0X14=R20
                 	.DEF R0X15=R21
                 	.DEF R0X16=R22
                 	.DEF R0X17=R23
                 	.DEF R0X18=R24
                 	.DEF R0X19=R25
                 	.DEF R0X1A=R26
                 	.DEF R0X1B=R27
                 	.DEF R0X1C=R28
                 	.DEF R0X1D=R29
                 	.DEF R0X1E=R30
                 	.DEF R0X1F=R31
                 
                 	.EQU __SRAM_START=0x0060
                 	.EQU __SRAM_END=0x085F
                 	.EQU __DSTACK_SIZE=0x0200
                 	.EQU __HEAP_SIZE=0x0000
                 	.EQU __CLEAR_SRAM_SIZE=__SRAM_END-__SRAM_START+1
                 
                 	.MACRO __CPD1N
                 	CPI  R30,LOW(@0)
                 	LDI  R26,HIGH(@0)
                 	CPC  R31,R26
                 	LDI  R26,BYTE3(@0)
                 	CPC  R22,R26
                 	LDI  R26,BYTE4(@0)
                 	CPC  R23,R26
                 	.ENDM
                 
                 	.MACRO __CPD2N
                 	CPI  R26,LOW(@0)
                 	LDI  R30,HIGH(@0)
                 	CPC  R27,R30
                 	LDI  R30,BYTE3(@0)
                 	CPC  R24,R30
                 	LDI  R30,BYTE4(@0)
                 	CPC  R25,R30
                 	.ENDM
                 
                 	.MACRO __CPWRR
                 	CP   R@0,R@2
                 	CPC  R@1,R@3
                 	.ENDM
                 
                 	.MACRO __CPWRN
                 	CPI  R@0,LOW(@2)
                 	LDI  R30,HIGH(@2)
                 	CPC  R@1,R30
                 	.ENDM
                 
                 	.MACRO __ADDB1MN
                 	SUBI R30,LOW(-@0-(@1))
                 	.ENDM
                 
                 	.MACRO __ADDB2MN
                 	SUBI R26,LOW(-@0-(@1))
                 	.ENDM
                 
                 	.MACRO __ADDW1MN
                 	SUBI R30,LOW(-@0-(@1))
                 	SBCI R31,HIGH(-@0-(@1))
                 	.ENDM
                 
                 	.MACRO __ADDW2MN
                 	SUBI R26,LOW(-@0-(@1))
                 	SBCI R27,HIGH(-@0-(@1))
                 	.ENDM
                 
                 	.MACRO __ADDW1FN
                 	SUBI R30,LOW(-2*@0-(@1))
                 	SBCI R31,HIGH(-2*@0-(@1))
                 	.ENDM
                 
                 	.MACRO __ADDD1FN
                 	SUBI R30,LOW(-2*@0-(@1))
                 	SBCI R31,HIGH(-2*@0-(@1))
                 	SBCI R22,BYTE3(-2*@0-(@1))
                 	.ENDM
                 
                 	.MACRO __ADDD1N
                 	SUBI R30,LOW(-@0)
                 	SBCI R31,HIGH(-@0)
                 	SBCI R22,BYTE3(-@0)
                 	SBCI R23,BYTE4(-@0)
                 	.ENDM
                 
                 	.MACRO __ADDD2N
                 	SUBI R26,LOW(-@0)
                 	SBCI R27,HIGH(-@0)
                 	SBCI R24,BYTE3(-@0)
                 	SBCI R25,BYTE4(-@0)
                 	.ENDM
                 
                 	.MACRO __SUBD1N
                 	SUBI R30,LOW(@0)
                 	SBCI R31,HIGH(@0)
                 	SBCI R22,BYTE3(@0)
                 	SBCI R23,BYTE4(@0)
                 	.ENDM
                 
                 	.MACRO __SUBD2N
                 	SUBI R26,LOW(@0)
                 	SBCI R27,HIGH(@0)
                 	SBCI R24,BYTE3(@0)
                 	SBCI R25,BYTE4(@0)
                 	.ENDM
                 
                 	.MACRO __ANDBMNN
                 	LDS  R30,@0+(@1)
                 	ANDI R30,LOW(@2)
                 	STS  @0+(@1),R30
                 	.ENDM
                 
                 	.MACRO __ANDWMNN
                 	LDS  R30,@0+(@1)
                 	ANDI R30,LOW(@2)
                 	STS  @0+(@1),R30
                 	LDS  R30,@0+(@1)+1
                 	ANDI R30,HIGH(@2)
                 	STS  @0+(@1)+1,R30
                 	.ENDM
                 
                 	.MACRO __ANDD1N
                 	ANDI R30,LOW(@0)
                 	ANDI R31,HIGH(@0)
                 	ANDI R22,BYTE3(@0)
                 	ANDI R23,BYTE4(@0)
                 	.ENDM
                 
                 	.MACRO __ANDD2N
                 	ANDI R26,LOW(@0)
                 	ANDI R27,HIGH(@0)
                 	ANDI R24,BYTE3(@0)
                 	ANDI R25,BYTE4(@0)
                 	.ENDM
                 
                 	.MACRO __ORBMNN
                 	LDS  R30,@0+(@1)
                 	ORI  R30,LOW(@2)
                 	STS  @0+(@1),R30
                 	.ENDM
                 
                 	.MACRO __ORWMNN
                 	LDS  R30,@0+(@1)
                 	ORI  R30,LOW(@2)
                 	STS  @0+(@1),R30
                 	LDS  R30,@0+(@1)+1
                 	ORI  R30,HIGH(@2)
                 	STS  @0+(@1)+1,R30
                 	.ENDM
                 
                 	.MACRO __ORD1N
                 	ORI  R30,LOW(@0)
                 	ORI  R31,HIGH(@0)
                 	ORI  R22,BYTE3(@0)
                 	ORI  R23,BYTE4(@0)
                 	.ENDM
                 
                 	.MACRO __ORD2N
                 	ORI  R26,LOW(@0)
                 	ORI  R27,HIGH(@0)
                 	ORI  R24,BYTE3(@0)
                 	ORI  R25,BYTE4(@0)
                 	.ENDM
                 
                 	.MACRO __DELAY_USB
                 	LDI  R24,LOW(@0)
                 __DELAY_USB_LOOP:
                 	DEC  R24
                 	BRNE __DELAY_USB_LOOP
                 	.ENDM
                 
                 	.MACRO __DELAY_USW
                 	LDI  R24,LOW(@0)
                 	LDI  R25,HIGH(@0)
                 __DELAY_USW_LOOP:
                 	SBIW R24,1
                 	BRNE __DELAY_USW_LOOP
                 	.ENDM
                 
                 	.MACRO __GETD1S
                 	LDD  R30,Y+@0
                 	LDD  R31,Y+@0+1
                 	LDD  R22,Y+@0+2
                 	LDD  R23,Y+@0+3
                 	.ENDM
                 
                 	.MACRO __GETD2S
                 	LDD  R26,Y+@0
                 	LDD  R27,Y+@0+1
                 	LDD  R24,Y+@0+2
                 	LDD  R25,Y+@0+3
                 	.ENDM
                 
                 	.MACRO __PUTD1S
                 	STD  Y+@0,R30
                 	STD  Y+@0+1,R31
                 	STD  Y+@0+2,R22
                 	STD  Y+@0+3,R23
                 	.ENDM
                 
                 	.MACRO __PUTD2S
                 	STD  Y+@0,R26
                 	STD  Y+@0+1,R27
                 	STD  Y+@0+2,R24
                 	STD  Y+@0+3,R25
                 	.ENDM
                 
                 	.MACRO __PUTDZ2
                 	STD  Z+@0,R26
                 	STD  Z+@0+1,R27
                 	STD  Z+@0+2,R24
                 	STD  Z+@0+3,R25
                 	.ENDM
                 
                 	.MACRO __CLRD1S
                 	STD  Y+@0,R30
                 	STD  Y+@0+1,R30
                 	STD  Y+@0+2,R30
                 	STD  Y+@0+3,R30
                 	.ENDM
                 
                 	.MACRO __POINTB1MN
                 	LDI  R30,LOW(@0+(@1))
                 	.ENDM
                 
                 	.MACRO __POINTW1MN
                 	LDI  R30,LOW(@0+(@1))
                 	LDI  R31,HIGH(@0+(@1))
                 	.ENDM
                 
                 	.MACRO __POINTD1M
                 	LDI  R30,LOW(@0)
                 	LDI  R31,HIGH(@0)
                 	LDI  R22,BYTE3(@0)
                 	LDI  R23,BYTE4(@0)
                 	.ENDM
                 
                 	.MACRO __POINTW1FN
                 	LDI  R30,LOW(2*@0+(@1))
                 	LDI  R31,HIGH(2*@0+(@1))
                 	.ENDM
                 
                 	.MACRO __POINTD1FN
                 	LDI  R30,LOW(2*@0+(@1))
                 	LDI  R31,HIGH(2*@0+(@1))
                 	LDI  R22,BYTE3(2*@0+(@1))
                 	LDI  R23,BYTE4(2*@0+(@1))
                 	.ENDM
                 
                 	.MACRO __POINTB2MN
                 	LDI  R26,LOW(@0+(@1))
                 	.ENDM
                 
                 	.MACRO __POINTW2MN
                 	LDI  R26,LOW(@0+(@1))
                 	LDI  R27,HIGH(@0+(@1))
                 	.ENDM
                 
                 	.MACRO __POINTW2FN
                 	LDI  R26,LOW(2*@0+(@1))
                 	LDI  R27,HIGH(2*@0+(@1))
                 	.ENDM
                 
                 	.MACRO __POINTD2FN
                 	LDI  R26,LOW(2*@0+(@1))
                 	LDI  R27,HIGH(2*@0+(@1))
                 	LDI  R24,BYTE3(2*@0+(@1))
                 	LDI  R25,BYTE4(2*@0+(@1))
                 	.ENDM
                 
                 	.MACRO __POINTBRM
                 	LDI  R@0,LOW(@1)
                 	.ENDM
                 
                 	.MACRO __POINTWRM
                 	LDI  R@0,LOW(@2)
                 	LDI  R@1,HIGH(@2)
                 	.ENDM
                 
                 	.MACRO __POINTBRMN
                 	LDI  R@0,LOW(@1+(@2))
                 	.ENDM
                 
                 	.MACRO __POINTWRMN
                 	LDI  R@0,LOW(@2+(@3))
                 	LDI  R@1,HIGH(@2+(@3))
                 	.ENDM
                 
                 	.MACRO __POINTWRFN
                 	LDI  R@0,LOW(@2*2+(@3))
                 	LDI  R@1,HIGH(@2*2+(@3))
                 	.ENDM
                 
                 	.MACRO __GETD1N
                 	LDI  R30,LOW(@0)
                 	LDI  R31,HIGH(@0)
                 	LDI  R22,BYTE3(@0)
                 	LDI  R23,BYTE4(@0)
                 	.ENDM
                 
                 	.MACRO __GETD2N
                 	LDI  R26,LOW(@0)
                 	LDI  R27,HIGH(@0)
                 	LDI  R24,BYTE3(@0)
                 	LDI  R25,BYTE4(@0)
                 	.ENDM
                 
                 	.MACRO __GETB1MN
                 	LDS  R30,@0+(@1)
                 	.ENDM
                 
                 	.MACRO __GETB1HMN
                 	LDS  R31,@0+(@1)
                 	.ENDM
                 
                 	.MACRO __GETW1MN
                 	LDS  R30,@0+(@1)
                 	LDS  R31,@0+(@1)+1
                 	.ENDM
                 
                 	.MACRO __GETD1MN
                 	LDS  R30,@0+(@1)
                 	LDS  R31,@0+(@1)+1
                 	LDS  R22,@0+(@1)+2
                 	LDS  R23,@0+(@1)+3
                 	.ENDM
                 
                 	.MACRO __GETBRMN
                 	LDS  R@0,@1+(@2)
                 	.ENDM
                 
                 	.MACRO __GETWRMN
                 	LDS  R@0,@2+(@3)
                 	LDS  R@1,@2+(@3)+1
                 	.ENDM
                 
                 	.MACRO __GETWRZ
                 	LDD  R@0,Z+@2
                 	LDD  R@1,Z+@2+1
                 	.ENDM
                 
                 	.MACRO __GETD2Z
                 	LDD  R26,Z+@0
                 	LDD  R27,Z+@0+1
                 	LDD  R24,Z+@0+2
                 	LDD  R25,Z+@0+3
                 	.ENDM
                 
                 	.MACRO __GETB2MN
                 	LDS  R26,@0+(@1)
                 	.ENDM
                 
                 	.MACRO __GETW2MN
                 	LDS  R26,@0+(@1)
                 	LDS  R27,@0+(@1)+1
                 	.ENDM
                 
                 	.MACRO __GETD2MN
                 	LDS  R26,@0+(@1)
                 	LDS  R27,@0+(@1)+1
                 	LDS  R24,@0+(@1)+2
                 	LDS  R25,@0+(@1)+3
                 	.ENDM
                 
                 	.MACRO __PUTB1MN
                 	STS  @0+(@1),R30
                 	.ENDM
                 
                 	.MACRO __PUTW1MN
                 	STS  @0+(@1),R30
                 	STS  @0+(@1)+1,R31
                 	.ENDM
                 
                 	.MACRO __PUTD1MN
                 	STS  @0+(@1),R30
                 	STS  @0+(@1)+1,R31
                 	STS  @0+(@1)+2,R22
                 	STS  @0+(@1)+3,R23
                 	.ENDM
                 
                 	.MACRO __PUTB1EN
                 	LDI  R26,LOW(@0+(@1))
                 	LDI  R27,HIGH(@0+(@1))
                 	CALL __EEPROMWRB
                 	.ENDM
                 
                 	.MACRO __PUTW1EN
                 	LDI  R26,LOW(@0+(@1))
                 	LDI  R27,HIGH(@0+(@1))
                 	CALL __EEPROMWRW
                 	.ENDM
                 
                 	.MACRO __PUTD1EN
                 	LDI  R26,LOW(@0+(@1))
                 	LDI  R27,HIGH(@0+(@1))
                 	CALL __EEPROMWRD
                 	.ENDM
                 
                 	.MACRO __PUTBR0MN
                 	STS  @0+(@1),R0
                 	.ENDM
                 
                 	.MACRO __PUTBMRN
                 	STS  @0+(@1),R@2
                 	.ENDM
                 
                 	.MACRO __PUTWMRN
                 	STS  @0+(@1),R@2
                 	STS  @0+(@1)+1,R@3
                 	.ENDM
                 
                 	.MACRO __PUTBZR
                 	STD  Z+@1,R@0
                 	.ENDM
                 
                 	.MACRO __PUTWZR
                 	STD  Z+@2,R@0
                 	STD  Z+@2+1,R@1
                 	.ENDM
                 
                 	.MACRO __GETW1R
                 	MOV  R30,R@0
                 	MOV  R31,R@1
                 	.ENDM
                 
                 	.MACRO __GETW2R
                 	MOV  R26,R@0
                 	MOV  R27,R@1
                 	.ENDM
                 
                 	.MACRO __GETWRN
                 	LDI  R@0,LOW(@2)
                 	LDI  R@1,HIGH(@2)
                 	.ENDM
                 
                 	.MACRO __PUTW1R
                 	MOV  R@0,R30
                 	MOV  R@1,R31
                 	.ENDM
                 
                 	.MACRO __PUTW2R
                 	MOV  R@0,R26
                 	MOV  R@1,R27
                 	.ENDM
                 
                 	.MACRO __ADDWRN
                 	SUBI R@0,LOW(-@2)
                 	SBCI R@1,HIGH(-@2)
                 	.ENDM
                 
                 	.MACRO __ADDWRR
                 	ADD  R@0,R@2
                 	ADC  R@1,R@3
                 	.ENDM
                 
                 	.MACRO __SUBWRN
                 	SUBI R@0,LOW(@2)
                 	SBCI R@1,HIGH(@2)
                 	.ENDM
                 
                 	.MACRO __SUBWRR
                 	SUB  R@0,R@2
                 	SBC  R@1,R@3
                 	.ENDM
                 
                 	.MACRO __ANDWRN
                 	ANDI R@0,LOW(@2)
                 	ANDI R@1,HIGH(@2)
                 	.ENDM
                 
                 	.MACRO __ANDWRR
                 	AND  R@0,R@2
                 	AND  R@1,R@3
                 	.ENDM
                 
                 	.MACRO __ORWRN
                 	ORI  R@0,LOW(@2)
                 	ORI  R@1,HIGH(@2)
                 	.ENDM
                 
                 	.MACRO __ORWRR
                 	OR   R@0,R@2
                 	OR   R@1,R@3
                 	.ENDM
                 
                 	.MACRO __EORWRR
                 	EOR  R@0,R@2
                 	EOR  R@1,R@3
                 	.ENDM
                 
                 	.MACRO __GETWRS
                 	LDD  R@0,Y+@2
                 	LDD  R@1,Y+@2+1
                 	.ENDM
                 
                 	.MACRO __PUTBSR
                 	STD  Y+@1,R@0
                 	.ENDM
                 
                 	.MACRO __PUTWSR
                 	STD  Y+@2,R@0
                 	STD  Y+@2+1,R@1
                 	.ENDM
                 
                 	.MACRO __MOVEWRR
                 	MOV  R@0,R@2
                 	MOV  R@1,R@3
                 	.ENDM
                 
                 	.MACRO __INWR
                 	IN   R@0,@2
                 	IN   R@1,@2+1
                 	.ENDM
                 
                 	.MACRO __OUTWR
                 	OUT  @2+1,R@1
                 	OUT  @2,R@0
                 	.ENDM
                 
                 	.MACRO __CALL1MN
                 	LDS  R30,@0+(@1)
                 	LDS  R31,@0+(@1)+1
                 	ICALL
                 	.ENDM
                 
                 	.MACRO __CALL1FN
                 	LDI  R30,LOW(2*@0+(@1))
                 	LDI  R31,HIGH(2*@0+(@1))
                 	CALL __GETW1PF
                 	ICALL
                 	.ENDM
                 
                 	.MACRO __CALL2EN
                 	PUSH R26
                 	PUSH R27
                 	LDI  R26,LOW(@0+(@1))
                 	LDI  R27,HIGH(@0+(@1))
                 	CALL __EEPROMRDW
                 	POP  R27
                 	POP  R26
                 	ICALL
                 	.ENDM
                 
                 	.MACRO __CALL2EX
                 	SUBI R26,LOW(-@0)
                 	SBCI R27,HIGH(-@0)
                 	CALL __EEPROMRDD
                 	ICALL
                 	.ENDM
                 
                 	.MACRO __GETW1STACK
                 	IN   R30,SPL
                 	IN   R31,SPH
                 	ADIW R30,@0+1
                 	LD   R0,Z+
                 	LD   R31,Z
                 	MOV  R30,R0
                 	.ENDM
                 
                 	.MACRO __GETD1STACK
                 	IN   R30,SPL
                 	IN   R31,SPH
                 	ADIW R30,@0+1
                 	LD   R0,Z+
                 	LD   R1,Z+
                 	LD   R22,Z
                 	MOVW R30,R0
                 	.ENDM
                 
                 	.MACRO __NBST
                 	BST  R@0,@1
                 	IN   R30,SREG
                 	LDI  R31,0x40
                 	EOR  R30,R31
                 	OUT  SREG,R30
                 	.ENDM
                 
                 
                 	.MACRO __PUTB1SN
                 	LDD  R26,Y+@0
                 	LDD  R27,Y+@0+1
                 	SUBI R26,LOW(-@1)
                 	SBCI R27,HIGH(-@1)
                 	ST   X,R30
                 	.ENDM
                 
                 	.MACRO __PUTW1SN
                 	LDD  R26,Y+@0
                 	LDD  R27,Y+@0+1
                 	SUBI R26,LOW(-@1)
                 	SBCI R27,HIGH(-@1)
                 	ST   X+,R30
                 	ST   X,R31
                 	.ENDM
                 
                 	.MACRO __PUTD1SN
                 	LDD  R26,Y+@0
                 	LDD  R27,Y+@0+1
                 	SUBI R26,LOW(-@1)
                 	SBCI R27,HIGH(-@1)
                 	CALL __PUTDP1
                 	.ENDM
                 
                 	.MACRO __PUTB1SNS
                 	LDD  R26,Y+@0
                 	LDD  R27,Y+@0+1
                 	ADIW R26,@1
                 	ST   X,R30
                 	.ENDM
                 
                 	.MACRO __PUTW1SNS
                 	LDD  R26,Y+@0
                 	LDD  R27,Y+@0+1
                 	ADIW R26,@1
                 	ST   X+,R30
                 	ST   X,R31
                 	.ENDM
                 
                 	.MACRO __PUTD1SNS
                 	LDD  R26,Y+@0
                 	LDD  R27,Y+@0+1
                 	ADIW R26,@1
                 	CALL __PUTDP1
                 	.ENDM
                 
                 	.MACRO __PUTB1PMN
                 	LDS  R26,@0
                 	LDS  R27,@0+1
                 	SUBI R26,LOW(-@1)
                 	SBCI R27,HIGH(-@1)
                 	ST   X,R30
                 	.ENDM
                 
                 	.MACRO __PUTW1PMN
                 	LDS  R26,@0
                 	LDS  R27,@0+1
                 	SUBI R26,LOW(-@1)
                 	SBCI R27,HIGH(-@1)
                 	ST   X+,R30
                 	ST   X,R31
                 	.ENDM
                 
                 	.MACRO __PUTD1PMN
                 	LDS  R26,@0
                 	LDS  R27,@0+1
                 	SUBI R26,LOW(-@1)
                 	SBCI R27,HIGH(-@1)
                 	CALL __PUTDP1
                 	.ENDM
                 
                 	.MACRO __PUTB1PMNS
                 	LDS  R26,@0
                 	LDS  R27,@0+1
                 	ADIW R26,@1
                 	ST   X,R30
                 	.ENDM
                 
                 	.MACRO __PUTW1PMNS
                 	LDS  R26,@0
                 	LDS  R27,@0+1
                 	ADIW R26,@1
                 	ST   X+,R30
                 	ST   X,R31
                 	.ENDM
                 
                 	.MACRO __PUTD1PMNS
                 	LDS  R26,@0
                 	LDS  R27,@0+1
                 	ADIW R26,@1
                 	CALL __PUTDP1
                 	.ENDM
                 
                 	.MACRO __PUTB1RN
                 	MOVW R26,R@0
                 	SUBI R26,LOW(-@1)
                 	SBCI R27,HIGH(-@1)
                 	ST   X,R30
                 	.ENDM
                 
                 	.MACRO __PUTW1RN
                 	MOVW R26,R@0
                 	SUBI R26,LOW(-@1)
                 	SBCI R27,HIGH(-@1)
                 	ST   X+,R30
                 	ST   X,R31
                 	.ENDM
                 
                 	.MACRO __PUTD1RN
                 	MOVW R26,R@0
                 	SUBI R26,LOW(-@1)
                 	SBCI R27,HIGH(-@1)
                 	CALL __PUTDP1
                 	.ENDM
                 
                 	.MACRO __PUTB1RNS
                 	MOVW R26,R@0
                 	ADIW R26,@1
                 	ST   X,R30
                 	.ENDM
                 
                 	.MACRO __PUTW1RNS
                 	MOVW R26,R@0
                 	ADIW R26,@1
                 	ST   X+,R30
                 	ST   X,R31
                 	.ENDM
                 
                 	.MACRO __PUTD1RNS
                 	MOVW R26,R@0
                 	ADIW R26,@1
                 	CALL __PUTDP1
                 	.ENDM
                 
                 	.MACRO __PUTB1RON
                 	MOV  R26,R@0
                 	MOV  R27,R@1
                 	SUBI R26,LOW(-@2)
                 	SBCI R27,HIGH(-@2)
                 	ST   X,R30
                 	.ENDM
                 
                 	.MACRO __PUTW1RON
                 	MOV  R26,R@0
                 	MOV  R27,R@1
                 	SUBI R26,LOW(-@2)
                 	SBCI R27,HIGH(-@2)
                 	ST   X+,R30
                 	ST   X,R31
                 	.ENDM
                 
                 	.MACRO __PUTD1RON
                 	MOV  R26,R@0
                 	MOV  R27,R@1
                 	SUBI R26,LOW(-@2)
                 	SBCI R27,HIGH(-@2)
                 	CALL __PUTDP1
                 	.ENDM
                 
                 	.MACRO __PUTB1RONS
                 	MOV  R26,R@0
                 	MOV  R27,R@1
                 	ADIW R26,@2
                 	ST   X,R30
                 	.ENDM
                 
                 	.MACRO __PUTW1RONS
                 	MOV  R26,R@0
                 	MOV  R27,R@1
                 	ADIW R26,@2
                 	ST   X+,R30
                 	ST   X,R31
                 	.ENDM
                 
                 	.MACRO __PUTD1RONS
                 	MOV  R26,R@0
                 	MOV  R27,R@1
                 	ADIW R26,@2
                 	CALL __PUTDP1
                 	.ENDM
                 
                 
                 	.MACRO __GETB1SX
                 	MOVW R30,R28
                 	SUBI R30,LOW(-@0)
                 	SBCI R31,HIGH(-@0)
                 	LD   R30,Z
                 	.ENDM
                 
                 	.MACRO __GETB1HSX
                 	MOVW R30,R28
                 	SUBI R30,LOW(-@0)
                 	SBCI R31,HIGH(-@0)
                 	LD   R31,Z
                 	.ENDM
                 
                 	.MACRO __GETW1SX
                 	MOVW R30,R28
                 	SUBI R30,LOW(-@0)
                 	SBCI R31,HIGH(-@0)
                 	LD   R0,Z+
                 	LD   R31,Z
                 	MOV  R30,R0
                 	.ENDM
                 
                 	.MACRO __GETD1SX
                 	MOVW R30,R28
                 	SUBI R30,LOW(-@0)
                 	SBCI R31,HIGH(-@0)
                 	LD   R0,Z+
                 	LD   R1,Z+
                 	LD   R22,Z+
                 	LD   R23,Z
                 	MOVW R30,R0
                 	.ENDM
                 
                 	.MACRO __GETB2SX
                 	MOVW R26,R28
                 	SUBI R26,LOW(-@0)
                 	SBCI R27,HIGH(-@0)
                 	LD   R26,X
                 	.ENDM
                 
                 	.MACRO __GETW2SX
                 	MOVW R26,R28
                 	SUBI R26,LOW(-@0)
                 	SBCI R27,HIGH(-@0)
                 	LD   R0,X+
                 	LD   R27,X
                 	MOV  R26,R0
                 	.ENDM
                 
                 	.MACRO __GETD2SX
                 	MOVW R26,R28
                 	SUBI R26,LOW(-@0)
                 	SBCI R27,HIGH(-@0)
                 	LD   R0,X+
                 	LD   R1,X+
                 	LD   R24,X+
                 	LD   R25,X
                 	MOVW R26,R0
                 	.ENDM
                 
                 	.MACRO __GETBRSX
                 	MOVW R30,R28
                 	SUBI R30,LOW(-@1)
                 	SBCI R31,HIGH(-@1)
                 	LD   R@0,Z
                 	.ENDM
                 
                 	.MACRO __GETWRSX
                 	MOVW R30,R28
                 	SUBI R30,LOW(-@2)
                 	SBCI R31,HIGH(-@2)
                 	LD   R@0,Z+
                 	LD   R@1,Z
                 	.ENDM
                 
                 	.MACRO __GETBRSX2
                 	MOVW R26,R28
                 	SUBI R26,LOW(-@1)
                 	SBCI R27,HIGH(-@1)
                 	LD   R@0,X
                 	.ENDM
                 
                 	.MACRO __GETWRSX2
                 	MOVW R26,R28
                 	SUBI R26,LOW(-@2)
                 	SBCI R27,HIGH(-@2)
                 	LD   R@0,X+
                 	LD   R@1,X
                 	.ENDM
                 
                 	.MACRO __LSLW8SX
                 	MOVW R30,R28
                 	SUBI R30,LOW(-@0)
                 	SBCI R31,HIGH(-@0)
                 	LD   R31,Z
                 	CLR  R30
                 	.ENDM
                 
                 	.MACRO __PUTB1SX
                 	MOVW R26,R28
                 	SUBI R26,LOW(-@0)
                 	SBCI R27,HIGH(-@0)
                 	ST   X,R30
                 	.ENDM
                 
                 	.MACRO __PUTW1SX
                 	MOVW R26,R28
                 	SUBI R26,LOW(-@0)
                 	SBCI R27,HIGH(-@0)
                 	ST   X+,R30
                 	ST   X,R31
                 	.ENDM
                 
                 	.MACRO __PUTD1SX
                 	MOVW R26,R28
                 	SUBI R26,LOW(-@0)
                 	SBCI R27,HIGH(-@0)
                 	ST   X+,R30
                 	ST   X+,R31
                 	ST   X+,R22
                 	ST   X,R23
                 	.ENDM
                 
                 	.MACRO __CLRW1SX
                 	MOVW R26,R28
                 	SUBI R26,LOW(-@0)
                 	SBCI R27,HIGH(-@0)
                 	ST   X+,R30
                 	ST   X,R30
                 	.ENDM
                 
                 	.MACRO __CLRD1SX
                 	MOVW R26,R28
                 	SUBI R26,LOW(-@0)
                 	SBCI R27,HIGH(-@0)
                 	ST   X+,R30
                 	ST   X+,R30
                 	ST   X+,R30
                 	ST   X,R30
                 	.ENDM
                 
                 	.MACRO __PUTB2SX
                 	MOVW R30,R28
                 	SUBI R30,LOW(-@0)
                 	SBCI R31,HIGH(-@0)
                 	ST   Z,R26
                 	.ENDM
                 
                 	.MACRO __PUTW2SX
                 	MOVW R30,R28
                 	SUBI R30,LOW(-@0)
                 	SBCI R31,HIGH(-@0)
                 	ST   Z+,R26
                 	ST   Z,R27
                 	.ENDM
                 
                 	.MACRO __PUTD2SX
                 	MOVW R30,R28
                 	SUBI R30,LOW(-@0)
                 	SBCI R31,HIGH(-@0)
                 	ST   Z+,R26
                 	ST   Z+,R27
                 	ST   Z+,R24
                 	ST   Z,R25
                 	.ENDM
                 
                 	.MACRO __PUTBSRX
                 	MOVW R30,R28
                 	SUBI R30,LOW(-@1)
                 	SBCI R31,HIGH(-@1)
                 	ST   Z,R@0
                 	.ENDM
                 
                 	.MACRO __PUTWSRX
                 	MOVW R30,R28
                 	SUBI R30,LOW(-@2)
                 	SBCI R31,HIGH(-@2)
                 	ST   Z+,R@0
                 	ST   Z,R@1
                 	.ENDM
                 
                 	.MACRO __PUTB1SNX
                 	MOVW R26,R28
                 	SUBI R26,LOW(-@0)
                 	SBCI R27,HIGH(-@0)
                 	LD   R0,X+
                 	LD   R27,X
                 	MOV  R26,R0
                 	SUBI R26,LOW(-@1)
                 	SBCI R27,HIGH(-@1)
                 	ST   X,R30
                 	.ENDM
                 
                 	.MACRO __PUTW1SNX
                 	MOVW R26,R28
                 	SUBI R26,LOW(-@0)
                 	SBCI R27,HIGH(-@0)
                 	LD   R0,X+
                 	LD   R27,X
                 	MOV  R26,R0
                 	SUBI R26,LOW(-@1)
                 	SBCI R27,HIGH(-@1)
                 	ST   X+,R30
                 	ST   X,R31
                 	.ENDM
                 
                 	.MACRO __PUTD1SNX
                 	MOVW R26,R28
                 	SUBI R26,LOW(-@0)
                 	SBCI R27,HIGH(-@0)
                 	LD   R0,X+
                 	LD   R27,X
                 	MOV  R26,R0
                 	SUBI R26,LOW(-@1)
                 	SBCI R27,HIGH(-@1)
                 	ST   X+,R30
                 	ST   X+,R31
                 	ST   X+,R22
                 	ST   X,R23
                 	.ENDM
                 
                 	.MACRO __MULBRR
                 	MULS R@0,R@1
                 	MOVW R30,R0
                 	.ENDM
                 
                 	.MACRO __MULBRRU
                 	MUL  R@0,R@1
                 	MOVW R30,R0
                 	.ENDM
                 
                 	.MACRO __MULBRR0
                 	MULS R@0,R@1
                 	.ENDM
                 
                 	.MACRO __MULBRRU0
                 	MUL  R@0,R@1
                 	.ENDM
                 
                 	.MACRO __MULBNWRU
                 	LDI  R26,@2
                 	MUL  R26,R@0
                 	MOVW R30,R0
                 	MUL  R26,R@1
                 	ADD  R31,R0
                 	.ENDM
                 
                 ;NAME DEFINITIONS FOR GLOBAL VARIABLES ALLOCATED TO REGISTERS
                 	.DEF _text=R4
                 	.DEF _text_msb=R5
                 	.DEF __lcd_x=R7
                 	.DEF __lcd_y=R6
                 	.DEF __lcd_maxx=R9
                 
                 	.CSEG
                 	.ORG 0x00
                 
                 ;START OF CODE MARKER
                 __START_OF_CODE:
                 
                 ;INTERRUPT VECTORS
000000 940c 004a 	JMP  __RESET
000002 940c 0077 	JMP  _ext_int0_isr
000004 940c 0000 	JMP  0x00
000006 940c 0000 	JMP  0x00
000008 940c 0000 	JMP  0x00
00000a 940c 0000 	JMP  0x00
00000c 940c 0000 	JMP  0x00
00000e 940c 0000 	JMP  0x00
000010 940c 0000 	JMP  0x00
000012 940c 0000 	JMP  0x00
000014 940c 0000 	JMP  0x00
000016 940c 0000 	JMP  0x00
000018 940c 0000 	JMP  0x00
00001a 940c 0000 	JMP  0x00
00001c 940c 0000 	JMP  0x00
00001e 940c 0000 	JMP  0x00
000020 940c 0000 	JMP  0x00
000022 940c 0000 	JMP  0x00
000024 940c 0000 	JMP  0x00
000026 940c 0000 	JMP  0x00
000028 940c 0000 	JMP  0x00
                 
                 _tbl10_G101:
00002a 2710
00002b 03e8
00002c 0064
00002d 000a      	.DB  0x10,0x27,0xE8,0x3,0x64,0x0,0xA,0x0
00002e 0001      	.DB  0x1,0x0
                 _tbl16_G101:
00002f 1000
000030 0100
000031 0010
000032 0001      	.DB  0x0,0x10,0x0,0x1,0x10,0x0,0x1,0x0
                 
                 ;GLOBAL REGISTER VARIABLES INITIALIZATION
                 __REG_VARS:
000033 0260      	.DB  LOW(_0x3),HIGH(_0x3)
                 
                 _0x0:
000034 2500
000035 0064      	.DB  0x0,0x25,0x64,0x0
                 _0x2060003:
000036 c080      	.DB  0x80,0xC0
                 _0x20A0060:
E:\Micro\HW3 AVR\Debug\List\hw3.asm(1138): warning: .cseg .db misalignment - padding zero byte
000037 0001      	.DB  0x1
                 _0x20A0000:
000038 4e2d
000039 4e41
00003a 4900
00003b 464e      	.DB  0x2D,0x4E,0x41,0x4E,0x0,0x49,0x4E,0x46
E:\Micro\HW3 AVR\Debug\List\hw3.asm(1141): warning: .cseg .db misalignment - padding zero byte
00003c 0000      	.DB  0x0
                 
                 __GLOBAL_INI_TBL:
00003d 0002      	.DW  0x02
00003e 0004      	.DW  0x04
00003f 0066      	.DW  __REG_VARS*2
                 
000040 0001      	.DW  0x01
000041 0260      	.DW  _0x3
000042 0068      	.DW  _0x0*2
                 
000043 0002      	.DW  0x02
000044 0261      	.DW  __base_y_G103
000045 006c      	.DW  _0x2060003*2
                 
000046 0001      	.DW  0x01
000047 0265      	.DW  __seed_G105
000048 006e      	.DW  _0x20A0060*2
                 
                 _0xFFFFFFFF:
000049 0000      	.DW  0
                 
                 #define __GLOBAL_INI_TBL_PRESENT 1
                 
                 __RESET:
00004a 94f8      	CLI
00004b 27ee      	CLR  R30
00004c bbec      	OUT  EECR,R30
                 
                 ;INTERRUPT VECTORS ARE PLACED
                 ;AT THE START OF FLASH
00004d e0f1      	LDI  R31,1
00004e bffb      	OUT  GICR,R31
00004f bfeb      	OUT  GICR,R30
000050 bfe5      	OUT  MCUCR,R30
                 
                 ;CLEAR R2-R14
000051 e08d      	LDI  R24,(14-2)+1
000052 e0a2      	LDI  R26,2
000053 27bb      	CLR  R27
                 __CLEAR_REG:
000054 93ed      	ST   X+,R30
000055 958a      	DEC  R24
000056 f7e9      	BRNE __CLEAR_REG
                 
                 ;CLEAR SRAM
000057 e080      	LDI  R24,LOW(__CLEAR_SRAM_SIZE)
000058 e098      	LDI  R25,HIGH(__CLEAR_SRAM_SIZE)
000059 e6a0      	LDI  R26,__SRAM_START
                 __CLEAR_SRAM:
00005a 93ed      	ST   X+,R30
00005b 9701      	SBIW R24,1
00005c f7e9      	BRNE __CLEAR_SRAM
                 
                 ;GLOBAL VARIABLES INITIALIZATION
00005d e7ea      	LDI  R30,LOW(__GLOBAL_INI_TBL*2)
00005e e0f0      	LDI  R31,HIGH(__GLOBAL_INI_TBL*2)
                 __GLOBAL_INI_NEXT:
00005f 9185      	LPM  R24,Z+
000060 9195      	LPM  R25,Z+
000061 9700      	SBIW R24,0
000062 f061      	BREQ __GLOBAL_INI_END
000063 91a5      	LPM  R26,Z+
000064 91b5      	LPM  R27,Z+
000065 9005      	LPM  R0,Z+
000066 9015      	LPM  R1,Z+
000067 01bf      	MOVW R22,R30
000068 01f0      	MOVW R30,R0
                 __GLOBAL_INI_LOOP:
000069 9005      	LPM  R0,Z+
00006a 920d      	ST   X+,R0
00006b 9701      	SBIW R24,1
00006c f7e1      	BRNE __GLOBAL_INI_LOOP
00006d 01fb      	MOVW R30,R22
00006e cff0      	RJMP __GLOBAL_INI_NEXT
                 __GLOBAL_INI_END:
                 
                 ;HARDWARE STACK POINTER INITIALIZATION
00006f e5ef      	LDI  R30,LOW(__SRAM_END-__HEAP_SIZE)
000070 bfed      	OUT  SPL,R30
000071 e0e8      	LDI  R30,HIGH(__SRAM_END-__HEAP_SIZE)
000072 bfee      	OUT  SPH,R30
                 
                 ;DATA STACK POINTER INITIALIZATION
000073 e6c0      	LDI  R28,LOW(__SRAM_START+__DSTACK_SIZE)
000074 e0d2      	LDI  R29,HIGH(__SRAM_START+__DSTACK_SIZE)
                 
000075 940c 0146 	JMP  _main
                 
                 	.ESEG
                 	.ORG 0
                 
                 	.DSEG
                 	.ORG 0x260
                 
                 	.CSEG
                 ;/*******************************************************
                 ;This program was created by the
                 ;CodeWizardAVR V3.12 Advanced
                 ;Automatic Program Generator
                 ;© Copyright 1998-2014 Pavel Haiduc, HP InfoTech s.r.l.
                 ;http://www.hpinfotech.com
                 ;
                 ;Project :
                 ;Version :
                 ;Date    : 12/23/2019
                 ;Author  :
                 ;Company :
                 ;Comments:
                 ;
                 ;
                 ;Chip type               : ATmega32
                 ;Program type            : Application
                 ;AVR Core Clock frequency: 8.000000 MHz
                 ;Memory model            : Small
                 ;External RAM size       : 0
                 ;Data Stack size         : 512
                 ;*******************************************************/
                 ;
                 ;#include <mega32.h>
                 	#ifndef __SLEEP_DEFINED__
                 	#define __SLEEP_DEFINED__
                 	.EQU __se_bit=0x80
                 	.EQU __sm_mask=0x70
                 	.EQU __sm_powerdown=0x20
                 	.EQU __sm_powersave=0x30
                 	.EQU __sm_standby=0x60
                 	.EQU __sm_ext_standby=0x70
                 	.EQU __sm_adc_noise_red=0x10
                 	.SET power_ctrl_reg=mcucr
                 	#endif
                 ;#include <string.h>
                 ;#include <stdio.h>
                 ;#include <math.h>
                 ;#include <delay.h>
                 ;
                 ;// Alphanumeric LCD functions
                 ;#include <alcd.h>
                 ;
                 ;// Declare your global variables here
                 ;char * text = "";
                 
                 	.DSEG
                 _0x3:
000260           	.BYTE 0x1
                 ;// External Interrupt 0 service routine
                 ;interrupt [EXT_INT0] void ext_int0_isr(void)
                 ; 0000 0025 {
                 
                 	.CSEG
                 _ext_int0_isr:
                 ; .FSTART _ext_int0_isr
000077 920a      	ST   -Y,R0
000078 921a      	ST   -Y,R1
000079 92fa      	ST   -Y,R15
00007a 936a      	ST   -Y,R22
00007b 937a      	ST   -Y,R23
00007c 938a      	ST   -Y,R24
00007d 939a      	ST   -Y,R25
00007e 93aa      	ST   -Y,R26
00007f 93ba      	ST   -Y,R27
000080 93ea      	ST   -Y,R30
000081 93fa      	ST   -Y,R31
000082 b7ef      	IN   R30,SREG
000083 93ea      	ST   -Y,R30
                 ; 0000 0026     int state = PINB.6 + PINB.7 * 2;
                 ; 0000 0027     int input_a = PINA.7 * 16 + PINA.6 * 8 + PINA.5 * 4 + PINA.4 * 2 + PINA.3;
                 ; 0000 0028     int input_b = PINB.4 * 16 + PINB.3 * 8 + PINB.2 * 4 + PINB.1 * 2 + PINB.0;
                 ; 0000 0029     int result;
                 ; 0000 002A     int temp;
                 ; 0000 002B     int i;
                 ; 0000 002C 
                 ; 0000 002D     if( state == 0 ){
000084 9726      	SBIW R28,6
000085 940e 047e 	CALL __SAVELOCR6
                 ;	state -> R16,R17
                 ;	input_a -> R18,R19
                 ;	input_b -> R20,R21
                 ;	result -> Y+10
                 ;	temp -> Y+8
                 ;	i -> Y+6
000087 e0e0      	LDI  R30,0
000088 99b6      	SBIC 0x16,6
000089 e0e1      	LDI  R30,1
00008a 2f6e      	MOV  R22,R30
00008b e0a0      	LDI  R26,0
00008c 99b7      	SBIC 0x16,7
00008d e0a1      	LDI  R26,1
00008e e0e2      	LDI  R30,LOW(2)
00008f 9fea      	MUL  R30,R26
000090 01f0      	MOVW R30,R0
000091 0fe6      	ADD  R30,R22
000092 e0f0      	LDI  R31,0
000093 018f      	MOVW R16,R30
000094 e0a0      	LDI  R26,0
000095 99cf      	SBIC 0x19,7
000096 e0a1      	LDI  R26,1
000097 e1e0      	LDI  R30,LOW(16)
000098 9fea      	MUL  R30,R26
000099 2d60      	MOV  R22,R0
00009a e0a0      	LDI  R26,0
00009b 99ce      	SBIC 0x19,6
00009c e0a1      	LDI  R26,1
00009d e0e8      	LDI  R30,LOW(8)
00009e 9fea      	MUL  R30,R26
00009f 01f0      	MOVW R30,R0
0000a0 0f6e      	ADD  R22,R30
0000a1 e0a0      	LDI  R26,0
0000a2 99cd      	SBIC 0x19,5
0000a3 e0a1      	LDI  R26,1
0000a4 e0e4      	LDI  R30,LOW(4)
0000a5 9fea      	MUL  R30,R26
0000a6 01f0      	MOVW R30,R0
0000a7 0f6e      	ADD  R22,R30
0000a8 e0a0      	LDI  R26,0
0000a9 99cc      	SBIC 0x19,4
0000aa e0a1      	LDI  R26,1
0000ab e0e2      	LDI  R30,LOW(2)
0000ac 9fea      	MUL  R30,R26
0000ad 01f0      	MOVW R30,R0
0000ae 2fa6      	MOV  R26,R22
0000af 0fae      	ADD  R26,R30
0000b0 e0e0      	LDI  R30,0
0000b1 99cb      	SBIC 0x19,3
0000b2 e0e1      	LDI  R30,1
0000b3 0fea      	ADD  R30,R26
0000b4 e0f0      	LDI  R31,0
0000b5 019f      	MOVW R18,R30
0000b6 e0a0      	LDI  R26,0
0000b7 99b4      	SBIC 0x16,4
0000b8 e0a1      	LDI  R26,1
0000b9 e1e0      	LDI  R30,LOW(16)
0000ba 9fea      	MUL  R30,R26
0000bb 2d60      	MOV  R22,R0
0000bc e0a0      	LDI  R26,0
0000bd 99b3      	SBIC 0x16,3
0000be e0a1      	LDI  R26,1
0000bf e0e8      	LDI  R30,LOW(8)
0000c0 9fea      	MUL  R30,R26
0000c1 01f0      	MOVW R30,R0
0000c2 0f6e      	ADD  R22,R30
0000c3 e0a0      	LDI  R26,0
0000c4 99b2      	SBIC 0x16,2
0000c5 e0a1      	LDI  R26,1
0000c6 e0e4      	LDI  R30,LOW(4)
0000c7 9fea      	MUL  R30,R26
0000c8 01f0      	MOVW R30,R0
0000c9 0f6e      	ADD  R22,R30
0000ca e0a0      	LDI  R26,0
0000cb 99b1      	SBIC 0x16,1
0000cc e0a1      	LDI  R26,1
0000cd e0e2      	LDI  R30,LOW(2)
0000ce 9fea      	MUL  R30,R26
0000cf 01f0      	MOVW R30,R0
0000d0 2fa6      	MOV  R26,R22
0000d1 0fae      	ADD  R26,R30
0000d2 e0e0      	LDI  R30,0
0000d3 99b0      	SBIC 0x16,0
0000d4 e0e1      	LDI  R30,1
0000d5 0fea      	ADD  R30,R26
0000d6 e0f0      	LDI  R31,0
0000d7 01af      	MOVW R20,R30
0000d8 2e00      	MOV  R0,R16
0000d9 2a01      	OR   R0,R17
0000da f419      	BRNE _0x4
                 ; 0000 002E         result = input_a & input_b;
0000db 23e2      	AND  R30,R18
0000dc 23f3      	AND  R31,R19
0000dd c01a      	RJMP _0x12
                 ; 0000 002F     }
                 ; 0000 0030     else if( state == 1 ){
                 _0x4:
0000de e0e1      	LDI  R30,LOW(1)
0000df e0f0      	LDI  R31,HIGH(1)
0000e0 17e0      	CP   R30,R16
0000e1 07f1      	CPC  R31,R17
0000e2 f421      	BRNE _0x6
                 ; 0000 0031         result = input_a | input_b;
0000e3 01fa      	MOVW R30,R20
0000e4 2be2      	OR   R30,R18
0000e5 2bf3      	OR   R31,R19
0000e6 c011      	RJMP _0x12
                 ; 0000 0032     }
                 ; 0000 0033     else if( state == 2 ){
                 _0x6:
0000e7 e0e2      	LDI  R30,LOW(2)
0000e8 e0f0      	LDI  R31,HIGH(2)
0000e9 17e0      	CP   R30,R16
0000ea 07f1      	CPC  R31,R17
0000eb f421      	BRNE _0x8
                 ; 0000 0034         result = input_a + input_b;
0000ec 01fa      	MOVW R30,R20
0000ed 0fe2      	ADD  R30,R18
0000ee 1ff3      	ADC  R31,R19
0000ef c008      	RJMP _0x12
                 ; 0000 0035     }
                 ; 0000 0036     else if( state == 3 ){
                 _0x8:
0000f0 e0e3      	LDI  R30,LOW(3)
0000f1 e0f0      	LDI  R31,HIGH(3)
0000f2 17e0      	CP   R30,R16
0000f3 07f1      	CPC  R31,R17
0000f4 f429      	BRNE _0xA
                 ; 0000 0037         result = input_a - input_b;
0000f5 01f9      	MOVW R30,R18
0000f6 1be4      	SUB  R30,R20
0000f7 0bf5      	SBC  R31,R21
                 _0x12:
0000f8 87ea      	STD  Y+10,R30
0000f9 87fb      	STD  Y+10+1,R31
                 ; 0000 0038     }
                 ; 0000 0039     temp = 0;
                 _0xA:
0000fa e0e0      	LDI  R30,LOW(0)
0000fb 87e8      	STD  Y+8,R30
0000fc 87e9      	STD  Y+8+1,R30
                 ; 0000 003A     sprintf(text, "%d", result);
0000fd 940e 03c7 	CALL SUBOPT_0x0
0000ff 85ee      	LDD  R30,Y+14
000100 85ff      	LDD  R31,Y+14+1
000101 940e 03ce 	CALL SUBOPT_0x1
                 ; 0000 003B     lcd_clear();
                 ; 0000 003C     lcd_puts(text);
                 ; 0000 003D     delay_ms(2000);
000103 eda0      	LDI  R26,LOW(2000)
000104 e0b7      	LDI  R27,HIGH(2000)
000105 940e 0415 	CALL _delay_ms
                 ; 0000 003E     for(i = 1; result > 0; i = i * 10){
000107 e0e1      	LDI  R30,LOW(1)
000108 e0f0      	LDI  R31,HIGH(1)
000109 83ee      	STD  Y+6,R30
00010a 83ff      	STD  Y+6+1,R31
                 _0xC:
00010b 85aa      	LDD  R26,Y+10
00010c 85bb      	LDD  R27,Y+10+1
00010d 940e 047a 	CALL __CPW02
00010f f4fc      	BRGE _0xD
                 ; 0000 003F         temp = (result % 2) * i + temp;
000110 e0e2      	LDI  R30,LOW(2)
000111 e0f0      	LDI  R31,HIGH(2)
000112 940e 0451 	CALL __MODW21
000114 81ae      	LDD  R26,Y+6
000115 81bf      	LDD  R27,Y+6+1
000116 940e 0434 	CALL __MULW12
000118 85a8      	LDD  R26,Y+8
000119 85b9      	LDD  R27,Y+8+1
00011a 0fea      	ADD  R30,R26
00011b 1ffb      	ADC  R31,R27
00011c 87e8      	STD  Y+8,R30
00011d 87f9      	STD  Y+8+1,R31
                 ; 0000 0040         result = result/2;
00011e 85aa      	LDD  R26,Y+10
00011f 85bb      	LDD  R27,Y+10+1
000120 e0e2      	LDI  R30,LOW(2)
000121 e0f0      	LDI  R31,HIGH(2)
000122 940e 044c 	CALL __DIVW21
000124 87ea      	STD  Y+10,R30
000125 87fb      	STD  Y+10+1,R31
                 ; 0000 0041     }
000126 81ee      	LDD  R30,Y+6
000127 81ff      	LDD  R31,Y+6+1
000128 e0aa      	LDI  R26,LOW(10)
000129 e0b0      	LDI  R27,HIGH(10)
00012a 940e 0434 	CALL __MULW12
00012c 83ee      	STD  Y+6,R30
00012d 83ff      	STD  Y+6+1,R31
00012e cfdc      	RJMP _0xC
                 _0xD:
                 ; 0000 0042     sprintf(text, "%d", temp);
00012f 940e 03c7 	CALL SUBOPT_0x0
000131 85ec      	LDD  R30,Y+12
000132 85fd      	LDD  R31,Y+12+1
000133 940e 03ce 	CALL SUBOPT_0x1
                 ; 0000 0043     lcd_clear();
                 ; 0000 0044     lcd_puts(text);
                 ; 0000 0045 
                 ; 0000 0046 }
000135 940e 0485 	CALL __LOADLOCR6
000137 962c      	ADIW R28,12
000138 91e9      	LD   R30,Y+
000139 bfef      	OUT  SREG,R30
00013a 91f9      	LD   R31,Y+
00013b 91e9      	LD   R30,Y+
00013c 91b9      	LD   R27,Y+
00013d 91a9      	LD   R26,Y+
00013e 9199      	LD   R25,Y+
00013f 9189      	LD   R24,Y+
000140 9179      	LD   R23,Y+
000141 9169      	LD   R22,Y+
000142 90f9      	LD   R15,Y+
000143 9019      	LD   R1,Y+
000144 9009      	LD   R0,Y+
000145 9518      	RETI
                 ; .FEND
                 ;
                 ;void main(void)
                 ; 0000 0049 {
                 _main:
                 ; .FSTART _main
                 ; 0000 004A // Declare your local variables here
                 ; 0000 004B 
                 ; 0000 004C // Input/Output Ports initialization
                 ; 0000 004D // Port A initialization
                 ; 0000 004E // Function: Bit7=In Bit6=In Bit5=In Bit4=In Bit3=In Bit2=In Bit1=In Bit0=In
                 ; 0000 004F DDRA=(0<<DDA7) | (0<<DDA6) | (0<<DDA5) | (0<<DDA4) | (0<<DDA3) | (0<<DDA2) | (0<<DDA1) | (0<<DDA0);
000146 e0e0      	LDI  R30,LOW(0)
000147 bbea      	OUT  0x1A,R30
                 ; 0000 0050 // State: Bit7=T Bit6=T Bit5=T Bit4=T Bit3=T Bit2=T Bit1=T Bit0=T
                 ; 0000 0051 PORTA=(0<<PORTA7) | (0<<PORTA6) | (0<<PORTA5) | (0<<PORTA4) | (0<<PORTA3) | (0<<PORTA2) | (0<<PORTA1) | (0<<PORTA0);
000148 bbeb      	OUT  0x1B,R30
                 ; 0000 0052 
                 ; 0000 0053 // Port B initialization
                 ; 0000 0054 // Function: Bit7=In Bit6=In Bit5=In Bit4=In Bit3=In Bit2=In Bit1=In Bit0=In
                 ; 0000 0055 DDRB=(0<<DDB7) | (0<<DDB6) | (0<<DDB5) | (0<<DDB4) | (0<<DDB3) | (0<<DDB2) | (0<<DDB1) | (0<<DDB0);
000149 bbe7      	OUT  0x17,R30
                 ; 0000 0056 // State: Bit7=T Bit6=T Bit5=T Bit4=T Bit3=T Bit2=T Bit1=T Bit0=T
                 ; 0000 0057 PORTB=(0<<PORTB7) | (0<<PORTB6) | (0<<PORTB5) | (0<<PORTB4) | (0<<PORTB3) | (0<<PORTB2) | (0<<PORTB1) | (0<<PORTB0);
00014a bbe8      	OUT  0x18,R30
                 ; 0000 0058 
                 ; 0000 0059 // Port C initialization
                 ; 0000 005A // Function: Bit7=In Bit6=In Bit5=In Bit4=In Bit3=In Bit2=In Bit1=In Bit0=In
                 ; 0000 005B DDRC=(0<<DDC7) | (0<<DDC6) | (0<<DDC5) | (0<<DDC4) | (0<<DDC3) | (0<<DDC2) | (0<<DDC1) | (0<<DDC0);
00014b bbe4      	OUT  0x14,R30
                 ; 0000 005C // State: Bit7=T Bit6=T Bit5=T Bit4=T Bit3=T Bit2=T Bit1=T Bit0=T
                 ; 0000 005D PORTC=(0<<PORTC7) | (0<<PORTC6) | (0<<PORTC5) | (0<<PORTC4) | (0<<PORTC3) | (0<<PORTC2) | (0<<PORTC1) | (0<<PORTC0);
00014c bbe5      	OUT  0x15,R30
                 ; 0000 005E 
                 ; 0000 005F // Port D initialization
                 ; 0000 0060 // Function: Bit7=In Bit6=In Bit5=In Bit4=In Bit3=In Bit2=In Bit1=In Bit0=In
                 ; 0000 0061 DDRD=(0<<DDD7) | (0<<DDD6) | (0<<DDD5) | (0<<DDD4) | (0<<DDD3) | (0<<DDD2) | (0<<DDD1) | (0<<DDD0);
00014d bbe1      	OUT  0x11,R30
                 ; 0000 0062 // State: Bit7=T Bit6=T Bit5=T Bit4=T Bit3=T Bit2=T Bit1=T Bit0=T
                 ; 0000 0063 PORTD=(0<<PORTD7) | (0<<PORTD6) | (0<<PORTD5) | (0<<PORTD4) | (0<<PORTD3) | (0<<PORTD2) | (0<<PORTD1) | (0<<PORTD0);
00014e bbe2      	OUT  0x12,R30
                 ; 0000 0064 
                 ; 0000 0065 // Timer/Counter 0 initialization
                 ; 0000 0066 // Clock source: System Clock
                 ; 0000 0067 // Clock value: Timer 0 Stopped
                 ; 0000 0068 // Mode: Normal top=0xFF
                 ; 0000 0069 // OC0 output: Disconnected
                 ; 0000 006A TCCR0=(0<<WGM00) | (0<<COM01) | (0<<COM00) | (0<<WGM01) | (0<<CS02) | (0<<CS01) | (0<<CS00);
00014f bfe3      	OUT  0x33,R30
                 ; 0000 006B TCNT0=0x00;
000150 bfe2      	OUT  0x32,R30
                 ; 0000 006C OCR0=0x00;
000151 bfec      	OUT  0x3C,R30
                 ; 0000 006D 
                 ; 0000 006E // Timer/Counter 1 initialization
                 ; 0000 006F // Clock source: System Clock
                 ; 0000 0070 // Clock value: Timer1 Stopped
                 ; 0000 0071 // Mode: Normal top=0xFFFF
                 ; 0000 0072 // OC1A output: Disconnected
                 ; 0000 0073 // OC1B output: Disconnected
                 ; 0000 0074 // Noise Canceler: Off
                 ; 0000 0075 // Input Capture on Falling Edge
                 ; 0000 0076 // Timer1 Overflow Interrupt: Off
                 ; 0000 0077 // Input Capture Interrupt: Off
                 ; 0000 0078 // Compare A Match Interrupt: Off
                 ; 0000 0079 // Compare B Match Interrupt: Off
                 ; 0000 007A TCCR1A=(0<<COM1A1) | (0<<COM1A0) | (0<<COM1B1) | (0<<COM1B0) | (0<<WGM11) | (0<<WGM10);
000152 bdef      	OUT  0x2F,R30
                 ; 0000 007B TCCR1B=(0<<ICNC1) | (0<<ICES1) | (0<<WGM13) | (0<<WGM12) | (0<<CS12) | (0<<CS11) | (0<<CS10);
000153 bdee      	OUT  0x2E,R30
                 ; 0000 007C TCNT1H=0x00;
000154 bded      	OUT  0x2D,R30
                 ; 0000 007D TCNT1L=0x00;
000155 bdec      	OUT  0x2C,R30
                 ; 0000 007E ICR1H=0x00;
000156 bde7      	OUT  0x27,R30
                 ; 0000 007F ICR1L=0x00;
000157 bde6      	OUT  0x26,R30
                 ; 0000 0080 OCR1AH=0x00;
000158 bdeb      	OUT  0x2B,R30
                 ; 0000 0081 OCR1AL=0x00;
000159 bdea      	OUT  0x2A,R30
                 ; 0000 0082 OCR1BH=0x00;
00015a bde9      	OUT  0x29,R30
                 ; 0000 0083 OCR1BL=0x00;
00015b bde8      	OUT  0x28,R30
                 ; 0000 0084 
                 ; 0000 0085 // Timer/Counter 2 initialization
                 ; 0000 0086 // Clock source: System Clock
                 ; 0000 0087 // Clock value: Timer2 Stopped
                 ; 0000 0088 // Mode: Normal top=0xFF
                 ; 0000 0089 // OC2 output: Disconnected
                 ; 0000 008A ASSR=0<<AS2;
00015c bde2      	OUT  0x22,R30
                 ; 0000 008B TCCR2=(0<<PWM2) | (0<<COM21) | (0<<COM20) | (0<<CTC2) | (0<<CS22) | (0<<CS21) | (0<<CS20);
00015d bde5      	OUT  0x25,R30
                 ; 0000 008C TCNT2=0x00;
00015e bde4      	OUT  0x24,R30
                 ; 0000 008D OCR2=0x00;
00015f bde3      	OUT  0x23,R30
                 ; 0000 008E 
                 ; 0000 008F // Timer(s)/Counter(s) Interrupt(s) initialization
                 ; 0000 0090 TIMSK=(0<<OCIE2) | (0<<TOIE2) | (0<<TICIE1) | (0<<OCIE1A) | (0<<OCIE1B) | (0<<TOIE1) | (0<<OCIE0) | (0<<TOIE0);
000160 bfe9      	OUT  0x39,R30
                 ; 0000 0091 
                 ; 0000 0092 // External Interrupt(s) initialization
                 ; 0000 0093 // INT0: On
                 ; 0000 0094 // INT0 Mode: Rising Edge
                 ; 0000 0095 // INT1: Off
                 ; 0000 0096 // INT2: Off
                 ; 0000 0097 GICR|=(0<<INT1) | (1<<INT0) | (0<<INT2);
000161 b7eb      	IN   R30,0x3B
000162 64e0      	ORI  R30,0x40
000163 bfeb      	OUT  0x3B,R30
                 ; 0000 0098 MCUCR=(0<<ISC11) | (0<<ISC10) | (1<<ISC01) | (1<<ISC00);
000164 e0e3      	LDI  R30,LOW(3)
000165 bfe5      	OUT  0x35,R30
                 ; 0000 0099 MCUCSR=(0<<ISC2);
000166 e0e0      	LDI  R30,LOW(0)
000167 bfe4      	OUT  0x34,R30
                 ; 0000 009A GIFR=(0<<INTF1) | (1<<INTF0) | (0<<INTF2);
000168 e4e0      	LDI  R30,LOW(64)
000169 bfea      	OUT  0x3A,R30
                 ; 0000 009B 
                 ; 0000 009C // USART initialization
                 ; 0000 009D // USART disabled
                 ; 0000 009E UCSRB=(0<<RXCIE) | (0<<TXCIE) | (0<<UDRIE) | (0<<RXEN) | (0<<TXEN) | (0<<UCSZ2) | (0<<RXB8) | (0<<TXB8);
00016a e0e0      	LDI  R30,LOW(0)
00016b b9ea      	OUT  0xA,R30
                 ; 0000 009F 
                 ; 0000 00A0 // Analog Comparator initialization
                 ; 0000 00A1 // Analog Comparator: Off
                 ; 0000 00A2 // The Analog Comparator's positive input is
                 ; 0000 00A3 // connected to the AIN0 pin
                 ; 0000 00A4 // The Analog Comparator's negative input is
                 ; 0000 00A5 // connected to the AIN1 pin
                 ; 0000 00A6 ACSR=(1<<ACD) | (0<<ACBG) | (0<<ACO) | (0<<ACI) | (0<<ACIE) | (0<<ACIC) | (0<<ACIS1) | (0<<ACIS0);
00016c e8e0      	LDI  R30,LOW(128)
00016d b9e8      	OUT  0x8,R30
                 ; 0000 00A7 SFIOR=(0<<ACME);
00016e e0e0      	LDI  R30,LOW(0)
00016f bfe0      	OUT  0x30,R30
                 ; 0000 00A8 
                 ; 0000 00A9 // ADC initialization
                 ; 0000 00AA // ADC disabled
                 ; 0000 00AB ADCSRA=(0<<ADEN) | (0<<ADSC) | (0<<ADATE) | (0<<ADIF) | (0<<ADIE) | (0<<ADPS2) | (0<<ADPS1) | (0<<ADPS0);
000170 b9e6      	OUT  0x6,R30
                 ; 0000 00AC 
                 ; 0000 00AD // SPI initialization
                 ; 0000 00AE // SPI disabled
                 ; 0000 00AF SPCR=(0<<SPIE) | (0<<SPE) | (0<<DORD) | (0<<MSTR) | (0<<CPOL) | (0<<CPHA) | (0<<SPR1) | (0<<SPR0);
000171 b9ed      	OUT  0xD,R30
                 ; 0000 00B0 
                 ; 0000 00B1 // TWI initialization
                 ; 0000 00B2 // TWI disabled
                 ; 0000 00B3 TWCR=(0<<TWEA) | (0<<TWSTA) | (0<<TWSTO) | (0<<TWEN) | (0<<TWIE);
000172 bfe6      	OUT  0x36,R30
                 ; 0000 00B4 
                 ; 0000 00B5 // Alphanumeric LCD initialization
                 ; 0000 00B6 // Connections are specified in the
                 ; 0000 00B7 // Project|Configure|C Compiler|Libraries|Alphanumeric LCD menu:
                 ; 0000 00B8 // RS - PORTC Bit 0
                 ; 0000 00B9 // RD - PORTC Bit 1
                 ; 0000 00BA // EN - PORTC Bit 2
                 ; 0000 00BB // D4 - PORTC Bit 4
                 ; 0000 00BC // D5 - PORTC Bit 5
                 ; 0000 00BD // D6 - PORTC Bit 6
                 ; 0000 00BE // D7 - PORTC Bit 7
                 ; 0000 00BF // Characters/line: 16
                 ; 0000 00C0 lcd_init(16);
000173 e1a0      	LDI  R26,LOW(16)
000174 940e 0399 	CALL _lcd_init
                 ; 0000 00C1 
                 ; 0000 00C2 // Global enable interrupts
                 ; 0000 00C3 #asm("sei")
000176 9478      	sei
                 ; 0000 00C4 
                 ; 0000 00C5 while (1)
                 _0xE:
                 ; 0000 00C6       {
                 ; 0000 00C7       // Place your code here
                 ; 0000 00C8 
                 ; 0000 00C9       }
000177 cfff      	RJMP _0xE
                 ; 0000 00CA }
                 _0x11:
000178 cfff      	RJMP _0x11
                 ; .FEND
                 
                 	.CSEG
                 _strlen:
                 ; .FSTART _strlen
000179 93ba      	ST   -Y,R27
00017a 93aa      	ST   -Y,R26
00017b 91a9          ld   r26,y+
00017c 91b9          ld   r27,y+
00017d 27ee          clr  r30
00017e 27ff          clr  r31
                 strlen0:
00017f 916d          ld   r22,x+
000180 2366          tst  r22
000181 f011          breq strlen1
000182 9631          adiw r30,1
000183 cffb          rjmp strlen0
                 strlen1:
000184 9508          ret
                 ; .FEND
                 _strlenf:
                 ; .FSTART _strlenf
000185 93ba      	ST   -Y,R27
000186 93aa      	ST   -Y,R26
000187 27aa          clr  r26
000188 27bb          clr  r27
000189 91e9          ld   r30,y+
00018a 91f9          ld   r31,y+
                 strlenf0:
00018b 9005      	lpm  r0,z+
00018c 2000          tst  r0
00018d f011          breq strlenf1
00018e 9611          adiw r26,1
00018f cffb          rjmp strlenf0
                 strlenf1:
000190 01fd          movw r30,r26
000191 9508          ret
                 ; .FEND
                 	#ifndef __SLEEP_DEFINED__
                 	#endif
                 
                 	.CSEG
                 _put_buff_G101:
                 ; .FSTART _put_buff_G101
000192 93ba      	ST   -Y,R27
000193 93aa      	ST   -Y,R26
000194 931a      	ST   -Y,R17
000195 930a      	ST   -Y,R16
000196 81aa      	LDD  R26,Y+2
000197 81bb      	LDD  R27,Y+2+1
000198 9612      	ADIW R26,2
000199 940e 046d 	CALL __GETW1P
00019b 9730      	SBIW R30,0
00019c f159      	BREQ _0x2020010
00019d 81aa      	LDD  R26,Y+2
00019e 81bb      	LDD  R27,Y+2+1
00019f 9614      	ADIW R26,4
0001a0 940e 046d 	CALL __GETW1P
0001a2 018f      	MOVW R16,R30
0001a3 9730      	SBIW R30,0
0001a4 f061      	BREQ _0x2020012
                +
0001a5 3002     +CPI R16 , LOW ( 2 )
0001a6 e0e0     +LDI R30 , HIGH ( 2 )
0001a7 071e     +CPC R17 , R30
                 	__CPWRN 16,17,2
0001a8 f098      	BRLO _0x2020013
0001a9 01f8      	MOVW R30,R16
0001aa 9731      	SBIW R30,1
0001ab 018f      	MOVW R16,R30
                +
0001ac 81aa     +LDD R26 , Y + 2
0001ad 81bb     +LDD R27 , Y + 2 + 1
0001ae 9614     +ADIW R26 , 4
0001af 93ed     +ST X + , R30
0001b0 93fc     +ST X , R31
                 	__PUTW1SNS 2,4
                 _0x2020012:
0001b1 81aa      	LDD  R26,Y+2
0001b2 81bb      	LDD  R27,Y+2+1
0001b3 9612      	ADIW R26,2
0001b4 91ed      	LD   R30,X+
0001b5 91fd      	LD   R31,X+
0001b6 9631      	ADIW R30,1
0001b7 93fe      	ST   -X,R31
0001b8 93ee      	ST   -X,R30
0001b9 9731      	SBIW R30,1
0001ba 81ac      	LDD  R26,Y+4
0001bb 83a0      	STD  Z+0,R26
                 _0x2020013:
0001bc 81aa      	LDD  R26,Y+2
0001bd 81bb      	LDD  R27,Y+2+1
0001be 940e 046d 	CALL __GETW1P
0001c0 23ff      	TST  R31
0001c1 f02a      	BRMI _0x2020014
0001c2 91ed      	LD   R30,X+
0001c3 91fd      	LD   R31,X+
0001c4 9631      	ADIW R30,1
0001c5 93fe      	ST   -X,R31
0001c6 93ee      	ST   -X,R30
                 _0x2020014:
0001c7 c006      	RJMP _0x2020015
                 _0x2020010:
0001c8 81aa      	LDD  R26,Y+2
0001c9 81bb      	LDD  R27,Y+2+1
0001ca efef      	LDI  R30,LOW(65535)
0001cb efff      	LDI  R31,HIGH(65535)
0001cc 93ed      	ST   X+,R30
0001cd 93fc      	ST   X,R31
                 _0x2020015:
0001ce 8119      	LDD  R17,Y+1
0001cf 8108      	LDD  R16,Y+0
0001d0 9625      	ADIW R28,5
0001d1 9508      	RET
                 ; .FEND
                 __print_G101:
                 ; .FSTART __print_G101
0001d2 93ba      	ST   -Y,R27
0001d3 93aa      	ST   -Y,R26
0001d4 9726      	SBIW R28,6
0001d5 940e 047e 	CALL __SAVELOCR6
0001d7 e010      	LDI  R17,0
0001d8 85ac      	LDD  R26,Y+12
0001d9 85bd      	LDD  R27,Y+12+1
0001da e0e0      	LDI  R30,LOW(0)
0001db e0f0      	LDI  R31,HIGH(0)
0001dc 93ed      	ST   X+,R30
0001dd 93fc      	ST   X,R31
                 _0x2020016:
0001de 89ea      	LDD  R30,Y+18
0001df 89fb      	LDD  R31,Y+18+1
0001e0 9631      	ADIW R30,1
0001e1 8bea      	STD  Y+18,R30
0001e2 8bfb      	STD  Y+18+1,R31
0001e3 9731      	SBIW R30,1
0001e4 91e4      	LPM  R30,Z
0001e5 2f2e      	MOV  R18,R30
0001e6 30e0      	CPI  R30,0
0001e7 f409      	BRNE PC+2
0001e8 c115      	RJMP _0x2020018
0001e9 2fe1      	MOV  R30,R17
0001ea 30e0      	CPI  R30,0
0001eb f439      	BRNE _0x202001C
0001ec 3225      	CPI  R18,37
0001ed f411      	BRNE _0x202001D
0001ee e011      	LDI  R17,LOW(1)
0001ef c002      	RJMP _0x202001E
                 _0x202001D:
0001f0 940e 03db 	CALL SUBOPT_0x2
                 _0x202001E:
0001f2 c10a      	RJMP _0x202001B
                 _0x202001C:
0001f3 30e1      	CPI  R30,LOW(0x1)
0001f4 f4a9      	BRNE _0x202001F
0001f5 3225      	CPI  R18,37
0001f6 f419      	BRNE _0x2020020
0001f7 940e 03db 	CALL SUBOPT_0x2
0001f9 c102      	RJMP _0x20200CC
                 _0x2020020:
0001fa e012      	LDI  R17,LOW(2)
0001fb e040      	LDI  R20,LOW(0)
0001fc e000      	LDI  R16,LOW(0)
0001fd 322d      	CPI  R18,45
0001fe f411      	BRNE _0x2020021
0001ff e001      	LDI  R16,LOW(1)
000200 c0fc      	RJMP _0x202001B
                 _0x2020021:
000201 322b      	CPI  R18,43
000202 f411      	BRNE _0x2020022
000203 e24b      	LDI  R20,LOW(43)
000204 c0f8      	RJMP _0x202001B
                 _0x2020022:
000205 3220      	CPI  R18,32
000206 f411      	BRNE _0x2020023
000207 e240      	LDI  R20,LOW(32)
000208 c0f4      	RJMP _0x202001B
                 _0x2020023:
000209 c002      	RJMP _0x2020024
                 _0x202001F:
00020a 30e2      	CPI  R30,LOW(0x2)
00020b f439      	BRNE _0x2020025
                 _0x2020024:
00020c e050      	LDI  R21,LOW(0)
00020d e013      	LDI  R17,LOW(3)
00020e 3320      	CPI  R18,48
00020f f411      	BRNE _0x2020026
000210 6800      	ORI  R16,LOW(128)
000211 c0eb      	RJMP _0x202001B
                 _0x2020026:
000212 c003      	RJMP _0x2020027
                 _0x2020025:
000213 30e3      	CPI  R30,LOW(0x3)
000214 f009      	BREQ PC+2
000215 c0e7      	RJMP _0x202001B
                 _0x2020027:
000216 3320      	CPI  R18,48
000217 f010      	BRLO _0x202002A
000218 332a      	CPI  R18,58
000219 f008      	BRLO _0x202002B
                 _0x202002A:
00021a c007      	RJMP _0x2020029
                 _0x202002B:
00021b e0aa      	LDI  R26,LOW(10)
00021c 9f5a      	MUL  R21,R26
00021d 2d50      	MOV  R21,R0
00021e 2fe2      	MOV  R30,R18
00021f 53e0      	SUBI R30,LOW(48)
000220 0f5e      	ADD  R21,R30
000221 c0db      	RJMP _0x202001B
                 _0x2020029:
000222 2fe2      	MOV  R30,R18
000223 36e3      	CPI  R30,LOW(0x63)
000224 f449      	BRNE _0x202002F
000225 940e 03e2 	CALL SUBOPT_0x3
000227 89e8      	LDD  R30,Y+16
000228 89f9      	LDD  R31,Y+16+1
000229 81a4      	LDD  R26,Z+4
00022a 93aa      	ST   -Y,R26
00022b 940e 03e8 	CALL SUBOPT_0x4
00022d c0ce      	RJMP _0x2020030
                 _0x202002F:
00022e 37e3      	CPI  R30,LOW(0x73)
00022f f441      	BRNE _0x2020032
000230 940e 03e2 	CALL SUBOPT_0x3
000232 940e 03ee 	CALL SUBOPT_0x5
000234 940e 0179 	CALL _strlen
000236 2f1e      	MOV  R17,R30
000237 c00a      	RJMP _0x2020033
                 _0x2020032:
000238 37e0      	CPI  R30,LOW(0x70)
000239 f461      	BRNE _0x2020035
00023a 940e 03e2 	CALL SUBOPT_0x3
00023c 940e 03ee 	CALL SUBOPT_0x5
00023e 940e 0185 	CALL _strlenf
000240 2f1e      	MOV  R17,R30
000241 6008      	ORI  R16,LOW(8)
                 _0x2020033:
000242 6002      	ORI  R16,LOW(2)
000243 770f      	ANDI R16,LOW(127)
000244 e030      	LDI  R19,LOW(0)
000245 c034      	RJMP _0x2020036
                 _0x2020035:
000246 36e4      	CPI  R30,LOW(0x64)
000247 f011      	BREQ _0x2020039
000248 36e9      	CPI  R30,LOW(0x69)
000249 f411      	BRNE _0x202003A
                 _0x2020039:
00024a 6004      	ORI  R16,LOW(4)
00024b c002      	RJMP _0x202003B
                 _0x202003A:
00024c 37e5      	CPI  R30,LOW(0x75)
00024d f431      	BRNE _0x202003C
                 _0x202003B:
00024e e5e4      	LDI  R30,LOW(_tbl10_G101*2)
00024f e0f0      	LDI  R31,HIGH(_tbl10_G101*2)
000250 83ee      	STD  Y+6,R30
000251 83ff      	STD  Y+6+1,R31
000252 e015      	LDI  R17,LOW(5)
000253 c00c      	RJMP _0x202003D
                 _0x202003C:
000254 35e8      	CPI  R30,LOW(0x58)
000255 f411      	BRNE _0x202003F
000256 6008      	ORI  R16,LOW(8)
000257 c003      	RJMP _0x2020040
                 _0x202003F:
000258 37e8      	CPI  R30,LOW(0x78)
000259 f009      	BREQ PC+2
00025a c0a1      	RJMP _0x2020071
                 _0x2020040:
00025b e5ee      	LDI  R30,LOW(_tbl16_G101*2)
00025c e0f0      	LDI  R31,HIGH(_tbl16_G101*2)
00025d 83ee      	STD  Y+6,R30
00025e 83ff      	STD  Y+6+1,R31
00025f e014      	LDI  R17,LOW(4)
                 _0x202003D:
000260 ff02      	SBRS R16,2
000261 c014      	RJMP _0x2020042
000262 940e 03e2 	CALL SUBOPT_0x3
000264 940e 03f8 	CALL SUBOPT_0x6
000266 85ab      	LDD  R26,Y+11
000267 23aa      	TST  R26
000268 f43a      	BRPL _0x2020043
000269 85ea      	LDD  R30,Y+10
00026a 85fb      	LDD  R31,Y+10+1
00026b 940e 0423 	CALL __ANEGW1
00026d 87ea      	STD  Y+10,R30
00026e 87fb      	STD  Y+10+1,R31
00026f e24d      	LDI  R20,LOW(45)
                 _0x2020043:
000270 3040      	CPI  R20,0
000271 f011      	BREQ _0x2020044
000272 5f1f      	SUBI R17,-LOW(1)
000273 c001      	RJMP _0x2020045
                 _0x2020044:
000274 7f0b      	ANDI R16,LOW(251)
                 _0x2020045:
000275 c004      	RJMP _0x2020046
                 _0x2020042:
000276 940e 03e2 	CALL SUBOPT_0x3
000278 940e 03f8 	CALL SUBOPT_0x6
                 _0x2020046:
                 _0x2020036:
00027a fd00      	SBRC R16,0
00027b c011      	RJMP _0x2020047
                 _0x2020048:
00027c 1715      	CP   R17,R21
00027d f478      	BRSH _0x202004A
00027e ff07      	SBRS R16,7
00027f c008      	RJMP _0x202004B
000280 ff02      	SBRS R16,2
000281 c004      	RJMP _0x202004C
000282 7f0b      	ANDI R16,LOW(251)
000283 2f24      	MOV  R18,R20
000284 5011      	SUBI R17,LOW(1)
000285 c001      	RJMP _0x202004D
                 _0x202004C:
000286 e320      	LDI  R18,LOW(48)
                 _0x202004D:
000287 c001      	RJMP _0x202004E
                 _0x202004B:
000288 e220      	LDI  R18,LOW(32)
                 _0x202004E:
000289 940e 03db 	CALL SUBOPT_0x2
00028b 5051      	SUBI R21,LOW(1)
00028c cfef      	RJMP _0x2020048
                 _0x202004A:
                 _0x2020047:
00028d 2f31      	MOV  R19,R17
00028e ff01      	SBRS R16,1
00028f c017      	RJMP _0x202004F
                 _0x2020050:
000290 3030      	CPI  R19,0
000291 f0a1      	BREQ _0x2020052
000292 ff03      	SBRS R16,3
000293 c006      	RJMP _0x2020053
000294 81ee      	LDD  R30,Y+6
000295 81ff      	LDD  R31,Y+6+1
000296 9125      	LPM  R18,Z+
000297 83ee      	STD  Y+6,R30
000298 83ff      	STD  Y+6+1,R31
000299 c005      	RJMP _0x2020054
                 _0x2020053:
00029a 81ae      	LDD  R26,Y+6
00029b 81bf      	LDD  R27,Y+6+1
00029c 912d      	LD   R18,X+
00029d 83ae      	STD  Y+6,R26
00029e 83bf      	STD  Y+6+1,R27
                 _0x2020054:
00029f 940e 03db 	CALL SUBOPT_0x2
0002a1 3050      	CPI  R21,0
0002a2 f009      	BREQ _0x2020055
0002a3 5051      	SUBI R21,LOW(1)
                 _0x2020055:
0002a4 5031      	SUBI R19,LOW(1)
0002a5 cfea      	RJMP _0x2020050
                 _0x2020052:
0002a6 c04b      	RJMP _0x2020056
                 _0x202004F:
                 _0x2020058:
0002a7 e320      	LDI  R18,LOW(48)
0002a8 81ee      	LDD  R30,Y+6
0002a9 81ff      	LDD  R31,Y+6+1
0002aa 940e 0471 	CALL __GETW1PF
0002ac 87e8      	STD  Y+8,R30
0002ad 87f9      	STD  Y+8+1,R31
0002ae 81ee      	LDD  R30,Y+6
0002af 81ff      	LDD  R31,Y+6+1
0002b0 9632      	ADIW R30,2
0002b1 83ee      	STD  Y+6,R30
0002b2 83ff      	STD  Y+6+1,R31
                 _0x202005A:
0002b3 85e8      	LDD  R30,Y+8
0002b4 85f9      	LDD  R31,Y+8+1
0002b5 85aa      	LDD  R26,Y+10
0002b6 85bb      	LDD  R27,Y+10+1
0002b7 17ae      	CP   R26,R30
0002b8 07bf      	CPC  R27,R31
0002b9 f050      	BRLO _0x202005C
0002ba 5f2f      	SUBI R18,-LOW(1)
0002bb 85a8      	LDD  R26,Y+8
0002bc 85b9      	LDD  R27,Y+8+1
0002bd 85ea      	LDD  R30,Y+10
0002be 85fb      	LDD  R31,Y+10+1
0002bf 1bea      	SUB  R30,R26
0002c0 0bfb      	SBC  R31,R27
0002c1 87ea      	STD  Y+10,R30
0002c2 87fb      	STD  Y+10+1,R31
0002c3 cfef      	RJMP _0x202005A
                 _0x202005C:
0002c4 332a      	CPI  R18,58
0002c5 f028      	BRLO _0x202005D
0002c6 ff03      	SBRS R16,3
0002c7 c002      	RJMP _0x202005E
0002c8 5f29      	SUBI R18,-LOW(7)
0002c9 c001      	RJMP _0x202005F
                 _0x202005E:
0002ca 5d29      	SUBI R18,-LOW(39)
                 _0x202005F:
                 _0x202005D:
0002cb fd04      	SBRC R16,4
0002cc c01a      	RJMP _0x2020061
0002cd 3321      	CPI  R18,49
0002ce f420      	BRSH _0x2020063
0002cf 85a8      	LDD  R26,Y+8
0002d0 85b9      	LDD  R27,Y+8+1
0002d1 9711      	SBIW R26,1
0002d2 f409      	BRNE _0x2020062
                 _0x2020063:
0002d3 c009      	RJMP _0x20200CD
                 _0x2020062:
0002d4 1753      	CP   R21,R19
0002d5 f010      	BRLO _0x2020067
0002d6 ff00      	SBRS R16,0
0002d7 c001      	RJMP _0x2020068
                 _0x2020067:
0002d8 c013      	RJMP _0x2020066
                 _0x2020068:
0002d9 e220      	LDI  R18,LOW(32)
0002da ff07      	SBRS R16,7
0002db c00b      	RJMP _0x2020069
0002dc e320      	LDI  R18,LOW(48)
                 _0x20200CD:
0002dd 6100      	ORI  R16,LOW(16)
0002de ff02      	SBRS R16,2
0002df c007      	RJMP _0x202006A
0002e0 7f0b      	ANDI R16,LOW(251)
0002e1 934a      	ST   -Y,R20
0002e2 940e 03e8 	CALL SUBOPT_0x4
0002e4 3050      	CPI  R21,0
0002e5 f009      	BREQ _0x202006B
0002e6 5051      	SUBI R21,LOW(1)
                 _0x202006B:
                 _0x202006A:
                 _0x2020069:
                 _0x2020061:
0002e7 940e 03db 	CALL SUBOPT_0x2
0002e9 3050      	CPI  R21,0
0002ea f009      	BREQ _0x202006C
0002eb 5051      	SUBI R21,LOW(1)
                 _0x202006C:
                 _0x2020066:
0002ec 5031      	SUBI R19,LOW(1)
0002ed 85a8      	LDD  R26,Y+8
0002ee 85b9      	LDD  R27,Y+8+1
0002ef 9712      	SBIW R26,2
0002f0 f008      	BRLO _0x2020059
0002f1 cfb5      	RJMP _0x2020058
                 _0x2020059:
                 _0x2020056:
0002f2 ff00      	SBRS R16,0
0002f3 c008      	RJMP _0x202006D
                 _0x202006E:
0002f4 3050      	CPI  R21,0
0002f5 f031      	BREQ _0x2020070
0002f6 5051      	SUBI R21,LOW(1)
0002f7 e2e0      	LDI  R30,LOW(32)
0002f8 93ea      	ST   -Y,R30
0002f9 940e 03e8 	CALL SUBOPT_0x4
0002fb cff8      	RJMP _0x202006E
                 _0x2020070:
                 _0x202006D:
                 _0x2020071:
                 _0x2020030:
                 _0x20200CC:
0002fc e010      	LDI  R17,LOW(0)
                 _0x202001B:
0002fd cee0      	RJMP _0x2020016
                 _0x2020018:
0002fe 85ac      	LDD  R26,Y+12
0002ff 85bd      	LDD  R27,Y+12+1
000300 940e 046d 	CALL __GETW1P
000302 940e 0485 	CALL __LOADLOCR6
000304 9664      	ADIW R28,20
000305 9508      	RET
                 ; .FEND
                 _sprintf:
                 ; .FSTART _sprintf
000306 92ff      	PUSH R15
000307 2ef8      	MOV  R15,R24
000308 9726      	SBIW R28,6
000309 940e 0480 	CALL __SAVELOCR4
00030b 940e 0400 	CALL SUBOPT_0x7
00030d 9730      	SBIW R30,0
00030e f419      	BRNE _0x2020072
00030f efef      	LDI  R30,LOW(65535)
000310 efff      	LDI  R31,HIGH(65535)
000311 c023      	RJMP _0x20C0002
                 _0x2020072:
000312 01de      	MOVW R26,R28
000313 9616      	ADIW R26,6
000314 940e 041f 	CALL __ADDW2R15
000316 018d      	MOVW R16,R26
000317 940e 0400 	CALL SUBOPT_0x7
000319 83ee      	STD  Y+6,R30
00031a 83ff      	STD  Y+6+1,R31
00031b e0e0      	LDI  R30,LOW(0)
00031c 87e8      	STD  Y+8,R30
00031d 87e9      	STD  Y+8+1,R30
00031e 01de      	MOVW R26,R28
00031f 961a      	ADIW R26,10
000320 940e 041f 	CALL __ADDW2R15
000322 940e 046d 	CALL __GETW1P
000324 93fa      	ST   -Y,R31
000325 93ea      	ST   -Y,R30
000326 931a      	ST   -Y,R17
000327 930a      	ST   -Y,R16
000328 e9e2      	LDI  R30,LOW(_put_buff_G101)
000329 e0f1      	LDI  R31,HIGH(_put_buff_G101)
00032a 93fa      	ST   -Y,R31
00032b 93ea      	ST   -Y,R30
00032c 01de      	MOVW R26,R28
00032d 961a      	ADIW R26,10
00032e dea3      	RCALL __print_G101
00032f 019f      	MOVW R18,R30
000330 81ae      	LDD  R26,Y+6
000331 81bf      	LDD  R27,Y+6+1
000332 e0e0      	LDI  R30,LOW(0)
000333 93ec      	ST   X,R30
000334 01f9      	MOVW R30,R18
                 _0x20C0002:
000335 940e 0487 	CALL __LOADLOCR4
000337 962a      	ADIW R28,10
000338 90ff      	POP  R15
000339 9508      	RET
                 ; .FEND
                 
                 	.CSEG
                 	#ifndef __SLEEP_DEFINED__
                 	#endif
                 
                 	.DSEG
                 
                 	.CSEG
                 __lcd_write_nibble_G103:
                 ; .FSTART __lcd_write_nibble_G103
00033a 93aa      	ST   -Y,R26
00033b b3e5      	IN   R30,0x15
00033c 70ef      	ANDI R30,LOW(0xF)
00033d 2fae      	MOV  R26,R30
00033e 81e8      	LD   R30,Y
00033f 7fe0      	ANDI R30,LOW(0xF0)
000340 2bea      	OR   R30,R26
000341 bbe5      	OUT  0x15,R30
                +
000342 e08d     +LDI R24 , LOW ( 13 )
                +__DELAY_USB_LOOP :
000343 958a     +DEC R24
000344 f7f1     +BRNE __DELAY_USB_LOOP
                 	__DELAY_USB 13
000345 9aaa      	SBI  0x15,2
                +
000346 e08d     +LDI R24 , LOW ( 13 )
                +__DELAY_USB_LOOP :
000347 958a     +DEC R24
000348 f7f1     +BRNE __DELAY_USB_LOOP
                 	__DELAY_USB 13
000349 98aa      	CBI  0x15,2
                +
00034a e08d     +LDI R24 , LOW ( 13 )
                +__DELAY_USB_LOOP :
00034b 958a     +DEC R24
00034c f7f1     +BRNE __DELAY_USB_LOOP
                 	__DELAY_USB 13
00034d c077      	RJMP _0x20C0001
                 ; .FEND
                 __lcd_write_data:
                 ; .FSTART __lcd_write_data
00034e 93aa      	ST   -Y,R26
00034f 81a8      	LD   R26,Y
000350 dfe9      	RCALL __lcd_write_nibble_G103
000351 81e8          ld    r30,y
000352 95e2          swap  r30
000353 83e8          st    y,r30
000354 81a8      	LD   R26,Y
000355 dfe4      	RCALL __lcd_write_nibble_G103
                +
000356 e885     +LDI R24 , LOW ( 133 )
                +__DELAY_USB_LOOP :
000357 958a     +DEC R24
000358 f7f1     +BRNE __DELAY_USB_LOOP
                 	__DELAY_USB 133
000359 c06b      	RJMP _0x20C0001
                 ; .FEND
                 _lcd_gotoxy:
                 ; .FSTART _lcd_gotoxy
00035a 93aa      	ST   -Y,R26
00035b 81e8      	LD   R30,Y
00035c e0f0      	LDI  R31,0
00035d 59ef      	SUBI R30,LOW(-__base_y_G103)
00035e 4ffd      	SBCI R31,HIGH(-__base_y_G103)
00035f 81e0      	LD   R30,Z
000360 81a9      	LDD  R26,Y+1
000361 0fae      	ADD  R26,R30
000362 dfeb      	RCALL __lcd_write_data
000363 8079      	LDD  R7,Y+1
000364 8068      	LDD  R6,Y+0
000365 9622      	ADIW R28,2
000366 9508      	RET
                 ; .FEND
                 _lcd_clear:
                 ; .FSTART _lcd_clear
000367 e0a2      	LDI  R26,LOW(2)
000368 940e 0407 	CALL SUBOPT_0x8
00036a e0ac      	LDI  R26,LOW(12)
00036b dfe2      	RCALL __lcd_write_data
00036c e0a1      	LDI  R26,LOW(1)
00036d 940e 0407 	CALL SUBOPT_0x8
00036f e0e0      	LDI  R30,LOW(0)
000370 2e6e      	MOV  R6,R30
000371 2e7e      	MOV  R7,R30
000372 9508      	RET
                 ; .FEND
                 _lcd_putchar:
                 ; .FSTART _lcd_putchar
000373 93aa      	ST   -Y,R26
000374 81a8      	LD   R26,Y
000375 30aa      	CPI  R26,LOW(0xA)
000376 f011      	BREQ _0x2060005
000377 1479      	CP   R7,R9
000378 f048      	BRLO _0x2060004
                 _0x2060005:
000379 e0e0      	LDI  R30,LOW(0)
00037a 93ea      	ST   -Y,R30
00037b 9463      	INC  R6
00037c 2da6      	MOV  R26,R6
00037d dfdc      	RCALL _lcd_gotoxy
00037e 81a8      	LD   R26,Y
00037f 30aa      	CPI  R26,LOW(0xA)
000380 f409      	BRNE _0x2060007
000381 c043      	RJMP _0x20C0001
                 _0x2060007:
                 _0x2060004:
000382 9473      	INC  R7
000383 9aa8      	SBI  0x15,0
000384 81a8      	LD   R26,Y
000385 dfc8      	RCALL __lcd_write_data
000386 98a8      	CBI  0x15,0
000387 c03d      	RJMP _0x20C0001
                 ; .FEND
                 _lcd_puts:
                 ; .FSTART _lcd_puts
000388 93ba      	ST   -Y,R27
000389 93aa      	ST   -Y,R26
00038a 931a      	ST   -Y,R17
                 _0x2060008:
00038b 81a9      	LDD  R26,Y+1
00038c 81ba      	LDD  R27,Y+1+1
00038d 91ed      	LD   R30,X+
00038e 83a9      	STD  Y+1,R26
00038f 83ba      	STD  Y+1+1,R27
000390 2f1e      	MOV  R17,R30
000391 30e0      	CPI  R30,0
000392 f019      	BREQ _0x206000A
000393 2fa1      	MOV  R26,R17
000394 dfde      	RCALL _lcd_putchar
000395 cff5      	RJMP _0x2060008
                 _0x206000A:
000396 8118      	LDD  R17,Y+0
000397 9623      	ADIW R28,3
000398 9508      	RET
                 ; .FEND
                 _lcd_init:
                 ; .FSTART _lcd_init
000399 93aa      	ST   -Y,R26
00039a b3e4      	IN   R30,0x14
00039b 6fe0      	ORI  R30,LOW(0xF0)
00039c bbe4      	OUT  0x14,R30
00039d 9aa2      	SBI  0x14,2
00039e 9aa0      	SBI  0x14,0
00039f 9aa1      	SBI  0x14,1
0003a0 98aa      	CBI  0x15,2
0003a1 98a8      	CBI  0x15,0
0003a2 98a9      	CBI  0x15,1
0003a3 8098      	LDD  R9,Y+0
0003a4 81e8      	LD   R30,Y
0003a5 58e0      	SUBI R30,-LOW(128)
                +
0003a6 93e0 0263+STS __base_y_G103 + ( 2 ) , R30
                 	__PUTB1MN __base_y_G103,2
0003a8 81e8      	LD   R30,Y
0003a9 54e0      	SUBI R30,-LOW(192)
                +
0003aa 93e0 0264+STS __base_y_G103 + ( 3 ) , R30
                 	__PUTB1MN __base_y_G103,3
0003ac e1a4      	LDI  R26,LOW(20)
0003ad e0b0      	LDI  R27,0
0003ae 940e 0415 	CALL _delay_ms
0003b0 940e 040d 	CALL SUBOPT_0x9
0003b2 940e 040d 	CALL SUBOPT_0x9
0003b4 940e 040d 	CALL SUBOPT_0x9
0003b6 e2a0      	LDI  R26,LOW(32)
0003b7 df82      	RCALL __lcd_write_nibble_G103
                +
0003b8 ec88     +LDI R24 , LOW ( 200 )
0003b9 e090     +LDI R25 , HIGH ( 200 )
                +__DELAY_USW_LOOP :
0003ba 9701     +SBIW R24 , 1
0003bb f7f1     +BRNE __DELAY_USW_LOOP
                 	__DELAY_USW 200
0003bc e2a8      	LDI  R26,LOW(40)
0003bd df90      	RCALL __lcd_write_data
0003be e0a4      	LDI  R26,LOW(4)
0003bf df8e      	RCALL __lcd_write_data
0003c0 e8a5      	LDI  R26,LOW(133)
0003c1 df8c      	RCALL __lcd_write_data
0003c2 e0a6      	LDI  R26,LOW(6)
0003c3 df8a      	RCALL __lcd_write_data
0003c4 dfa2      	RCALL _lcd_clear
                 _0x20C0001:
0003c5 9621      	ADIW R28,1
0003c6 9508      	RET
                 ; .FEND
                 
                 	.CSEG
                 
                 	.CSEG
                 
                 	.DSEG
                 
                 	.CSEG
                 
                 	.DSEG
                 __base_y_G103:
000261           	.BYTE 0x4
                 __seed_G105:
000265           	.BYTE 0x4
                 
                 	.CSEG
                 ;OPTIMIZER ADDED SUBROUTINE, CALLED 2 TIMES, CODE SIZE REDUCTION:1 WORDS
                 SUBOPT_0x0:
0003c7 925a      	ST   -Y,R5
0003c8 924a      	ST   -Y,R4
                +
0003c9 e6e9     +LDI R30 , LOW ( 2 * _0x0 + ( 1 ) )
0003ca e0f0     +LDI R31 , HIGH ( 2 * _0x0 + ( 1 ) )
                 	__POINTW1FN _0x0,1
0003cb 93fa      	ST   -Y,R31
0003cc 93ea      	ST   -Y,R30
0003cd 9508      	RET
                 
                 ;OPTIMIZER ADDED SUBROUTINE, CALLED 2 TIMES, CODE SIZE REDUCTION:8 WORDS
                 SUBOPT_0x1:
0003ce 940e 0427 	CALL __CWD1
0003d0 940e 0475 	CALL __PUTPARD1
0003d2 e084      	LDI  R24,4
0003d3 940e 0306 	CALL _sprintf
0003d5 9628      	ADIW R28,8
0003d6 940e 0367 	CALL _lcd_clear
0003d8 01d2      	MOVW R26,R4
0003d9 940c 0388 	JMP  _lcd_puts
                 
                 ;OPTIMIZER ADDED SUBROUTINE, CALLED 5 TIMES, CODE SIZE REDUCTION:13 WORDS
                 SUBOPT_0x2:
0003db 932a      	ST   -Y,R18
0003dc 85ad      	LDD  R26,Y+13
0003dd 85be      	LDD  R27,Y+13+1
0003de 85ef      	LDD  R30,Y+15
0003df 89f8      	LDD  R31,Y+15+1
0003e0 9509      	ICALL
0003e1 9508      	RET
                 
                 ;OPTIMIZER ADDED SUBROUTINE, CALLED 5 TIMES, CODE SIZE REDUCTION:9 WORDS
                 SUBOPT_0x3:
0003e2 89e8      	LDD  R30,Y+16
0003e3 89f9      	LDD  R31,Y+16+1
0003e4 9734      	SBIW R30,4
0003e5 8be8      	STD  Y+16,R30
0003e6 8bf9      	STD  Y+16+1,R31
0003e7 9508      	RET
                 
                 ;OPTIMIZER ADDED SUBROUTINE, CALLED 3 TIMES, CODE SIZE REDUCTION:3 WORDS
                 SUBOPT_0x4:
0003e8 85ad      	LDD  R26,Y+13
0003e9 85be      	LDD  R27,Y+13+1
0003ea 85ef      	LDD  R30,Y+15
0003eb 89f8      	LDD  R31,Y+15+1
0003ec 9509      	ICALL
0003ed 9508      	RET
                 
                 ;OPTIMIZER ADDED SUBROUTINE, CALLED 2 TIMES, CODE SIZE REDUCTION:4 WORDS
                 SUBOPT_0x5:
0003ee 89a8      	LDD  R26,Y+16
0003ef 89b9      	LDD  R27,Y+16+1
0003f0 9614      	ADIW R26,4
0003f1 940e 046d 	CALL __GETW1P
0003f3 83ee      	STD  Y+6,R30
0003f4 83ff      	STD  Y+6+1,R31
0003f5 81ae      	LDD  R26,Y+6
0003f6 81bf      	LDD  R27,Y+6+1
0003f7 9508      	RET
                 
                 ;OPTIMIZER ADDED SUBROUTINE, CALLED 2 TIMES, CODE SIZE REDUCTION:2 WORDS
                 SUBOPT_0x6:
0003f8 89a8      	LDD  R26,Y+16
0003f9 89b9      	LDD  R27,Y+16+1
0003fa 9614      	ADIW R26,4
0003fb 940e 046d 	CALL __GETW1P
0003fd 87ea      	STD  Y+10,R30
0003fe 87fb      	STD  Y+10+1,R31
0003ff 9508      	RET
                 
                 ;OPTIMIZER ADDED SUBROUTINE, CALLED 2 TIMES, CODE SIZE REDUCTION:1 WORDS
                 SUBOPT_0x7:
000400 01de      	MOVW R26,R28
000401 961c      	ADIW R26,12
000402 940e 041f 	CALL __ADDW2R15
000404 940e 046d 	CALL __GETW1P
000406 9508      	RET
                 
                 ;OPTIMIZER ADDED SUBROUTINE, CALLED 2 TIMES, CODE SIZE REDUCTION:1 WORDS
                 SUBOPT_0x8:
000407 940e 034e 	CALL __lcd_write_data
000409 e0a3      	LDI  R26,LOW(3)
00040a e0b0      	LDI  R27,0
00040b 940c 0415 	JMP  _delay_ms
                 
                 ;OPTIMIZER ADDED SUBROUTINE, CALLED 3 TIMES, CODE SIZE REDUCTION:7 WORDS
                 SUBOPT_0x9:
00040d e3a0      	LDI  R26,LOW(48)
00040e 940e 033a 	CALL __lcd_write_nibble_G103
                +
000410 ec88     +LDI R24 , LOW ( 200 )
000411 e090     +LDI R25 , HIGH ( 200 )
                +__DELAY_USW_LOOP :
000412 9701     +SBIW R24 , 1
000413 f7f1     +BRNE __DELAY_USW_LOOP
                 	__DELAY_USW 200
000414 9508      	RET
                 
                 
                 	.CSEG
                 _delay_ms:
000415 9610      	adiw r26,0
000416 f039      	breq __delay_ms1
                 __delay_ms0:
                +
000417 ed80     +LDI R24 , LOW ( 0x7D0 )
000418 e097     +LDI R25 , HIGH ( 0x7D0 )
                +__DELAY_USW_LOOP :
000419 9701     +SBIW R24 , 1
00041a f7f1     +BRNE __DELAY_USW_LOOP
                 	__DELAY_USW 0x7D0
00041b 95a8      	wdr
00041c 9711      	sbiw r26,1
00041d f7c9      	brne __delay_ms0
                 __delay_ms1:
00041e 9508      	ret
                 
                 __ADDW2R15:
00041f 2400      	CLR  R0
000420 0daf      	ADD  R26,R15
000421 1db0      	ADC  R27,R0
000422 9508      	RET
                 
                 __ANEGW1:
000423 95f1      	NEG  R31
000424 95e1      	NEG  R30
000425 40f0      	SBCI R31,0
000426 9508      	RET
                 
                 __CWD1:
000427 2f6f      	MOV  R22,R31
000428 0f66      	ADD  R22,R22
000429 0b66      	SBC  R22,R22
00042a 2f76      	MOV  R23,R22
00042b 9508      	RET
                 
                 __MULW12U:
00042c 9ffa      	MUL  R31,R26
00042d 2df0      	MOV  R31,R0
00042e 9feb      	MUL  R30,R27
00042f 0df0      	ADD  R31,R0
000430 9fea      	MUL  R30,R26
000431 2de0      	MOV  R30,R0
000432 0df1      	ADD  R31,R1
000433 9508      	RET
                 
                 __MULW12:
000434 d02a      	RCALL __CHKSIGNW
000435 dff6      	RCALL __MULW12U
000436 f40e      	BRTC __MULW121
000437 dfeb      	RCALL __ANEGW1
                 __MULW121:
000438 9508      	RET
                 
                 __DIVW21U:
000439 2400      	CLR  R0
00043a 2411      	CLR  R1
00043b e190      	LDI  R25,16
                 __DIVW21U1:
00043c 0faa      	LSL  R26
00043d 1fbb      	ROL  R27
00043e 1c00      	ROL  R0
00043f 1c11      	ROL  R1
000440 1a0e      	SUB  R0,R30
000441 0a1f      	SBC  R1,R31
000442 f418      	BRCC __DIVW21U2
000443 0e0e      	ADD  R0,R30
000444 1e1f      	ADC  R1,R31
000445 c001      	RJMP __DIVW21U3
                 __DIVW21U2:
000446 60a1      	SBR  R26,1
                 __DIVW21U3:
000447 959a      	DEC  R25
000448 f799      	BRNE __DIVW21U1
000449 01fd      	MOVW R30,R26
00044a 01d0      	MOVW R26,R0
00044b 9508      	RET
                 
                 __DIVW21:
00044c d012      	RCALL __CHKSIGNW
00044d dfeb      	RCALL __DIVW21U
00044e f40e      	BRTC __DIVW211
00044f dfd3      	RCALL __ANEGW1
                 __DIVW211:
000450 9508      	RET
                 
                 __MODW21:
000451 94e8      	CLT
000452 ffb7      	SBRS R27,7
000453 c004      	RJMP __MODW211
000454 95a0      	COM  R26
000455 95b0      	COM  R27
000456 9611      	ADIW R26,1
000457 9468      	SET
                 __MODW211:
000458 fdf7      	SBRC R31,7
000459 dfc9      	RCALL __ANEGW1
00045a dfde      	RCALL __DIVW21U
00045b 01fd      	MOVW R30,R26
00045c f40e      	BRTC __MODW212
00045d dfc5      	RCALL __ANEGW1
                 __MODW212:
00045e 9508      	RET
                 
                 __CHKSIGNW:
00045f 94e8      	CLT
000460 fff7      	SBRS R31,7
000461 c002      	RJMP __CHKSW1
000462 dfc0      	RCALL __ANEGW1
000463 9468      	SET
                 __CHKSW1:
000464 ffb7      	SBRS R27,7
000465 c006      	RJMP __CHKSW2
000466 95a0      	COM  R26
000467 95b0      	COM  R27
000468 9611      	ADIW R26,1
000469 f800      	BLD  R0,0
00046a 9403      	INC  R0
00046b fa00      	BST  R0,0
                 __CHKSW2:
00046c 9508      	RET
                 
                 __GETW1P:
00046d 91ed      	LD   R30,X+
00046e 91fc      	LD   R31,X
00046f 9711      	SBIW R26,1
000470 9508      	RET
                 
                 __GETW1PF:
000471 9005      	LPM  R0,Z+
000472 91f4      	LPM  R31,Z
000473 2de0      	MOV  R30,R0
000474 9508      	RET
                 
                 __PUTPARD1:
000475 937a      	ST   -Y,R23
000476 936a      	ST   -Y,R22
000477 93fa      	ST   -Y,R31
000478 93ea      	ST   -Y,R30
000479 9508      	RET
                 
                 __CPW02:
00047a 2400      	CLR  R0
00047b 160a      	CP   R0,R26
00047c 060b      	CPC  R0,R27
00047d 9508      	RET
                 
                 __SAVELOCR6:
00047e 935a      	ST   -Y,R21
                 __SAVELOCR5:
00047f 934a      	ST   -Y,R20
                 __SAVELOCR4:
000480 933a      	ST   -Y,R19
                 __SAVELOCR3:
000481 932a      	ST   -Y,R18
                 __SAVELOCR2:
000482 931a      	ST   -Y,R17
000483 930a      	ST   -Y,R16
000484 9508      	RET
                 
                 __LOADLOCR6:
000485 815d      	LDD  R21,Y+5
                 __LOADLOCR5:
000486 814c      	LDD  R20,Y+4
                 __LOADLOCR4:
000487 813b      	LDD  R19,Y+3
                 __LOADLOCR3:
000488 812a      	LDD  R18,Y+2
                 __LOADLOCR2:
000489 8119      	LDD  R17,Y+1
00048a 8108      	LD   R16,Y
00048b 9508      	RET
                 
                 ;END OF CODE MARKER
                 __END_OF_CODE:


RESOURCE USE INFORMATION
------------------------

Notice:
The register and instruction counts are symbol table hit counts,
and hence implicitly used resources are not counted, eg, the
'lpm' instruction without operands implicitly uses r0 and z,
none of which are counted.

x,y,z are separate entities in the symbol table and are
counted separately from r26..r31 here.

.dseg memory usage only counts static data declared with .byte

ATmega32 register use summary:
r0 :  38 r1 :   8 r2 :   0 r3 :   0 r4 :   2 r5 :   1 r6 :   4 r7 :   4 
r8 :   0 r9 :   2 r10:   0 r11:   0 r12:   0 r13:   0 r14:   0 r15:   6 
r16:  39 r17:  28 r18:  34 r19:  11 r20:  13 r21:  18 r22:  23 r23:   4 
r24:  25 r25:   9 r26: 150 r27:  52 r28:  16 r29:   1 r30: 272 r31:  91 
x  :  23 y  : 215 z  :  15 
Registers used: 27 out of 35 (77.1%)

ATmega32 instruction use summary:
.lds  :   0 .lds.l:   0 .sts  :   0 .sts.l:   0 adc   :   4 add   :  18 
adiw  :  27 and   :   2 andi  :   6 asr   :   0 bclr  :   0 bld   :   1 
brbc  :   0 brbs  :   0 brcc  :   1 brcs  :   0 break :   0 breq  :  17 
brge  :   1 brhc  :   0 brhs  :   0 brid  :   0 brie  :   0 brlo  :   8 
brlt  :   0 brmi  :   1 brne  :  35 brpl  :   1 brsh  :   2 brtc  :   3 
brts  :   0 brvc  :   0 brvs  :   0 bset  :   0 bst   :   1 call  :  63 
cbi   :   5 cbr   :   0 clc   :   0 clh   :   0 cli   :   1 cln   :   0 
clr   :  10 cls   :   0 clt   :   2 clv   :   0 clz   :   0 com   :   4 
cp    :   8 cpc   :   6 cpi   :  33 cpse  :   0 dec   :   6 des   :   0 
eor   :   0 fmul  :   0 fmuls :   0 fmulsu:   0 icall :   2 ijmp  :   0 
in    :   4 inc   :   3 jmp   :  24 ld    :  37 ldd   :  91 ldi   : 140 
lds   :   0 lpm   :  14 lsl   :   1 lsr   :   0 mov   :  27 movw  :  31 
mul   :  13 muls  :   0 mulsu :   0 neg   :   2 nop   :   0 or    :   4 
ori   :   8 out   :  45 pop   :   1 push  :   1 rcall :  24 ret   :  33 
reti  :   1 rjmp  :  67 rol   :   3 ror   :   0 sbc   :   4 sbci  :   2 
sbi   :   5 sbic  :  12 sbis  :   0 sbiw  :  20 sbr   :   1 sbrc  :   3 
sbrs  :  13 sec   :   0 seh   :   0 sei   :   1 sen   :   0 ser   :   0 
ses   :   0 set   :   2 sev   :   0 sez   :   0 sleep :   0 spm   :   0 
st    :  70 std   :  43 sts   :   2 sub   :   3 subi  :  16 swap  :   1 
tst   :   4 wdr   :   1 
Instructions used: 67 out of 116 (57.8%)

ATmega32 memory use summary [bytes]:
Segment   Begin    End      Code   Data   Used    Size   Use%
---------------------------------------------------------------
[.cseg] 0x000000 0x000918   2264     64   2328   32768   7.1%
[.dseg] 0x000060 0x000269      0      9      9    2048   0.4%
[.eseg] 0x000000 0x000000      0      0      0    1024   0.0%

Assembly complete, 0 errors, 7 warnings
